Archive member included to satisfy reference by file (symbol)

e:/rt-threadstudio/repo/extract/toolchain_support_packages/arm/gnu_tools_for_arm_embedded_processors/5.4.1/bin/../lib/gcc/arm-none-eabi/5.4.1/armv7e-m/fpu\libgcc.a(_aeabi_uldivmod.o)
                              ./libraries/STM32F4xx_HAL_Driver/Src/stm32f4xx_hal_rcc.o (__aeabi_uldivmod)
e:/rt-threadstudio/repo/extract/toolchain_support_packages/arm/gnu_tools_for_arm_embedded_processors/5.4.1/bin/../lib/gcc/arm-none-eabi/5.4.1/armv7e-m/fpu\libgcc.a(_udivmoddi4.o)
                              e:/rt-threadstudio/repo/extract/toolchain_support_packages/arm/gnu_tools_for_arm_embedded_processors/5.4.1/bin/../lib/gcc/arm-none-eabi/5.4.1/armv7e-m/fpu\libgcc.a(_aeabi_uldivmod.o) (__udivmoddi4)
e:/rt-threadstudio/repo/extract/toolchain_support_packages/arm/gnu_tools_for_arm_embedded_processors/5.4.1/bin/../lib/gcc/arm-none-eabi/5.4.1/armv7e-m/fpu\libgcc.a(_dvmd_tls.o)
                              e:/rt-threadstudio/repo/extract/toolchain_support_packages/arm/gnu_tools_for_arm_embedded_processors/5.4.1/bin/../lib/gcc/arm-none-eabi/5.4.1/armv7e-m/fpu\libgcc.a(_aeabi_uldivmod.o) (__aeabi_ldiv0)
e:/rt-threadstudio/repo/extract/toolchain_support_packages/arm/gnu_tools_for_arm_embedded_processors/5.4.1/bin/../lib/gcc/arm-none-eabi/5.4.1/../../../../arm-none-eabi/lib/armv7e-m/fpu\libg.a(lib_a-atoi.o)
                              ./drivers/drv_usart.o (atoi)
e:/rt-threadstudio/repo/extract/toolchain_support_packages/arm/gnu_tools_for_arm_embedded_processors/5.4.1/bin/../lib/gcc/arm-none-eabi/5.4.1/../../../../arm-none-eabi/lib/armv7e-m/fpu\libg.a(lib_a-exit.o)
                              e:/rt-threadstudio/repo/extract/toolchain_support_packages/arm/gnu_tools_for_arm_embedded_processors/5.4.1/bin/../lib/gcc/arm-none-eabi/5.4.1/../../../../arm-none-eabi/lib/armv7e-m/fpu/crt0.o (exit)
e:/rt-threadstudio/repo/extract/toolchain_support_packages/arm/gnu_tools_for_arm_embedded_processors/5.4.1/bin/../lib/gcc/arm-none-eabi/5.4.1/../../../../arm-none-eabi/lib/armv7e-m/fpu\libg.a(lib_a-impure.o)
                              e:/rt-threadstudio/repo/extract/toolchain_support_packages/arm/gnu_tools_for_arm_embedded_processors/5.4.1/bin/../lib/gcc/arm-none-eabi/5.4.1/../../../../arm-none-eabi/lib/armv7e-m/fpu\libg.a(lib_a-exit.o) (_global_impure_ptr)
e:/rt-threadstudio/repo/extract/toolchain_support_packages/arm/gnu_tools_for_arm_embedded_processors/5.4.1/bin/../lib/gcc/arm-none-eabi/5.4.1/../../../../arm-none-eabi/lib/armv7e-m/fpu\libg.a(lib_a-init.o)
                              e:/rt-threadstudio/repo/extract/toolchain_support_packages/arm/gnu_tools_for_arm_embedded_processors/5.4.1/bin/../lib/gcc/arm-none-eabi/5.4.1/../../../../arm-none-eabi/lib/armv7e-m/fpu/crt0.o (__libc_init_array)
e:/rt-threadstudio/repo/extract/toolchain_support_packages/arm/gnu_tools_for_arm_embedded_processors/5.4.1/bin/../lib/gcc/arm-none-eabi/5.4.1/../../../../arm-none-eabi/lib/armv7e-m/fpu\libg.a(lib_a-memcmp.o)
                              ./rt-thread/components/finsh/shell.o (memcmp)
e:/rt-threadstudio/repo/extract/toolchain_support_packages/arm/gnu_tools_for_arm_embedded_processors/5.4.1/bin/../lib/gcc/arm-none-eabi/5.4.1/../../../../arm-none-eabi/lib/armv7e-m/fpu\libg.a(lib_a-memcpy.o)
                              ./rt-thread/components/finsh/cmd.o (memcpy)
e:/rt-threadstudio/repo/extract/toolchain_support_packages/arm/gnu_tools_for_arm_embedded_processors/5.4.1/bin/../lib/gcc/arm-none-eabi/5.4.1/../../../../arm-none-eabi/lib/armv7e-m/fpu\libg.a(lib_a-memset.o)
                              e:/rt-threadstudio/repo/extract/toolchain_support_packages/arm/gnu_tools_for_arm_embedded_processors/5.4.1/bin/../lib/gcc/arm-none-eabi/5.4.1/../../../../arm-none-eabi/lib/armv7e-m/fpu/crt0.o (memset)
e:/rt-threadstudio/repo/extract/toolchain_support_packages/arm/gnu_tools_for_arm_embedded_processors/5.4.1/bin/../lib/gcc/arm-none-eabi/5.4.1/../../../../arm-none-eabi/lib/armv7e-m/fpu\libg.a(lib_a-strcpy.o)
                              ./rt-thread/components/finsh/shell.o (strcpy)
e:/rt-threadstudio/repo/extract/toolchain_support_packages/arm/gnu_tools_for_arm_embedded_processors/5.4.1/bin/../lib/gcc/arm-none-eabi/5.4.1/../../../../arm-none-eabi/lib/armv7e-m/fpu\libg.a(lib_a-strlen.o)
                              ./rt-thread/components/finsh/msh.o (strlen)
e:/rt-threadstudio/repo/extract/toolchain_support_packages/arm/gnu_tools_for_arm_embedded_processors/5.4.1/bin/../lib/gcc/arm-none-eabi/5.4.1/../../../../arm-none-eabi/lib/armv7e-m/fpu\libg.a(lib_a-strncmp.o)
                              ./rt-thread/components/finsh/cmd.o (strncmp)
e:/rt-threadstudio/repo/extract/toolchain_support_packages/arm/gnu_tools_for_arm_embedded_processors/5.4.1/bin/../lib/gcc/arm-none-eabi/5.4.1/../../../../arm-none-eabi/lib/armv7e-m/fpu\libg.a(lib_a-strncpy.o)
                              ./rt-thread/components/finsh/shell.o (strncpy)
[...]
Memory Configuration

Name             Origin             Length             Attributes
ROM              0x08000000         0x00100000         xr
RAM              0x20000000         0x00030000         rw
*default*        0x00000000         0xffffffff

Linker script and memory map

LOAD e:/rt-threadstudio/repo/extract/toolchain_support_packages/arm/gnu_tools_for_arm_embedded_processors/5.4.1/bin/../lib/gcc/arm-none-eabi/5.4.1/armv7e-m/fpu/crti.o
LOAD e:/rt-threadstudio/repo/extract/toolchain_support_packages/arm/gnu_tools_for_arm_embedded_processors/5.4.1/bin/../lib/gcc/arm-none-eabi/5.4.1/armv7e-m/fpu/crtbegin.o
LOAD e:/rt-threadstudio/repo/extract/toolchain_support_packages/arm/gnu_tools_for_arm_embedded_processors/5.4.1/bin/../lib/gcc/arm-none-eabi/5.4.1/../../../../arm-none-eabi/lib/armv7e-m/fpu/crt0.o
LOAD ./rt-thread/src/clock.o
LOAD ./rt-thread/src/components.o
LOAD ./rt-thread/src/device.o
LOAD ./rt-thread/src/idle.o
LOAD ./rt-thread/src/ipc.o
LOAD ./rt-thread/src/irq.o
LOAD ./rt-thread/src/kservice.o
LOAD ./rt-thread/src/mem.o
LOAD ./rt-thread/src/mempool.o
LOAD ./rt-thread/src/object.o
LOAD ./rt-thread/src/scheduler.o
LOAD ./rt-thread/src/signal.o
LOAD ./rt-thread/src/thread.o
LOAD ./rt-thread/src/timer.o
LOAD ./rt-thread/libcpu/arm/cortex-m4/context_gcc.o
LOAD ./rt-thread/libcpu/arm/cortex-m4/cpuport.o
LOAD ./rt-thread/libcpu/arm/common/backtrace.o
LOAD ./rt-thread/libcpu/arm/common/div0.o
LOAD ./rt-thread/libcpu/arm/common/showmem.o
LOAD ./rt-thread/components/libc/compilers/common/time.o
LOAD ./rt-thread/components/finsh/cmd.o
LOAD ./rt-thread/components/finsh/msh.o
LOAD ./rt-thread/components/finsh/shell.o
LOAD ./rt-thread/components/drivers/src/completion.o
LOAD ./rt-thread/components/drivers/src/dataqueue.o
LOAD ./rt-thread/components/drivers/src/pipe.o
LOAD ./rt-thread/components/drivers/src/ringblk_buf.o
LOAD ./rt-thread/components/drivers/src/ringbuffer.o
LOAD ./rt-thread/components/drivers/src/waitqueue.o
LOAD ./rt-thread/components/drivers/src/workqueue.o
LOAD ./rt-thread/components/drivers/serial/serial.o
LOAD ./rt-thread/components/drivers/misc/pin.o
LOAD ./rt-thread/components/drivers/can/can.o
LOAD ./libraries/STM32F4xx_HAL_Driver/Src/Legacy/stm32f4xx_hal_can.o
LOAD ./libraries/STM32F4xx_HAL_Driver/Src/stm32f4xx_hal.o
LOAD ./libraries/STM32F4xx_HAL_Driver/Src/stm32f4xx_hal_adc.o
LOAD ./libraries/STM32F4xx_HAL_Driver/Src/stm32f4xx_hal_adc_ex.o
LOAD ./libraries/STM32F4xx_HAL_Driver/Src/stm32f4xx_hal_can.o
LOAD ./libraries/STM32F4xx_HAL_Driver/Src/stm32f4xx_hal_cec.o
LOAD ./libraries/STM32F4xx_HAL_Driver/Src/stm32f4xx_hal_cortex.o
LOAD ./libraries/STM32F4xx_HAL_Driver/Src/stm32f4xx_hal_crc.o
LOAD ./libraries/STM32F4xx_HAL_Driver/Src/stm32f4xx_hal_cryp.o
LOAD ./libraries/STM32F4xx_HAL_Driver/Src/stm32f4xx_hal_cryp_ex.o
LOAD ./libraries/STM32F4xx_HAL_Driver/Src/stm32f4xx_hal_dac.o
LOAD ./libraries/STM32F4xx_HAL_Driver/Src/stm32f4xx_hal_dac_ex.o
LOAD ./libraries/STM32F4xx_HAL_Driver/Src/stm32f4xx_hal_dcmi.o
LOAD ./libraries/STM32F4xx_HAL_Driver/Src/stm32f4xx_hal_dcmi_ex.o
LOAD ./libraries/STM32F4xx_HAL_Driver/Src/stm32f4xx_hal_dfsdm.o
LOAD ./libraries/STM32F4xx_HAL_Driver/Src/stm32f4xx_hal_dma.o
LOAD ./libraries/STM32F4xx_HAL_Driver/Src/stm32f4xx_hal_dma2d.o
LOAD ./libraries/STM32F4xx_HAL_Driver/Src/stm32f4xx_hal_dma_ex.o
LOAD ./libraries/STM32F4xx_HAL_Driver/Src/stm32f4xx_hal_dsi.o
LOAD ./libraries/STM32F4xx_HAL_Driver/Src/stm32f4xx_hal_eth.o
LOAD ./libraries/STM32F4xx_HAL_Driver/Src/stm32f4xx_hal_exti.o
LOAD ./libraries/STM32F4xx_HAL_Driver/Src/stm32f4xx_hal_flash.o
LOAD ./libraries/STM32F4xx_HAL_Driver/Src/stm32f4xx_hal_flash_ex.o
LOAD ./libraries/STM32F4xx_HAL_Driver/Src/stm32f4xx_hal_flash_ramfunc.o
LOAD ./libraries/STM32F4xx_HAL_Driver/Src/stm32f4xx_hal_fmpi2c.o
LOAD ./libraries/STM32F4xx_HAL_Driver/Src/stm32f4xx_hal_fmpi2c_ex.o
LOAD ./libraries/STM32F4xx_HAL_Driver/Src/stm32f4xx_hal_gpio.o
LOAD ./libraries/STM32F4xx_HAL_Driver/Src/stm32f4xx_hal_hash.o
LOAD ./libraries/STM32F4xx_HAL_Driver/Src/stm32f4xx_hal_hash_ex.o
LOAD ./libraries/STM32F4xx_HAL_Driver/Src/stm32f4xx_hal_hcd.o
LOAD ./libraries/STM32F4xx_HAL_Driver/Src/stm32f4xx_hal_i2c.o
LOAD ./libraries/STM32F4xx_HAL_Driver/Src/stm32f4xx_hal_i2c_ex.o
LOAD ./libraries/STM32F4xx_HAL_Driver/Src/stm32f4xx_hal_i2s.o
LOAD ./libraries/STM32F4xx_HAL_Driver/Src/stm32f4xx_hal_i2s_ex.o
LOAD ./libraries/STM32F4xx_HAL_Driver/Src/stm32f4xx_hal_irda.o
LOAD ./libraries/STM32F4xx_HAL_Driver/Src/stm32f4xx_hal_iwdg.o
LOAD ./libraries/STM32F4xx_HAL_Driver/Src/stm32f4xx_hal_lptim.o
LOAD ./libraries/STM32F4xx_HAL_Driver/Src/stm32f4xx_hal_ltdc.o
LOAD ./libraries/STM32F4xx_HAL_Driver/Src/stm32f4xx_hal_ltdc_ex.o
LOAD ./libraries/STM32F4xx_HAL_Driver/Src/stm32f4xx_hal_mmc.o
LOAD ./libraries/STM32F4xx_HAL_Driver/Src/stm32f4xx_hal_nand.o
LOAD ./libraries/STM32F4xx_HAL_Driver/Src/stm32f4xx_hal_nor.o
LOAD ./libraries/STM32F4xx_HAL_Driver/Src/stm32f4xx_hal_pccard.o
LOAD ./libraries/STM32F4xx_HAL_Driver/Src/stm32f4xx_hal_pcd.o
LOAD ./libraries/STM32F4xx_HAL_Driver/Src/stm32f4xx_hal_pcd_ex.o
LOAD ./libraries/STM32F4xx_HAL_Driver/Src/stm32f4xx_hal_pwr.o
LOAD ./libraries/STM32F4xx_HAL_Driver/Src/stm32f4xx_hal_pwr_ex.o
LOAD ./libraries/STM32F4xx_HAL_Driver/Src/stm32f4xx_hal_qspi.o
LOAD ./libraries/STM32F4xx_HAL_Driver/Src/stm32f4xx_hal_rcc.o
LOAD ./libraries/STM32F4xx_HAL_Driver/Src/stm32f4xx_hal_rcc_ex.o
LOAD ./libraries/STM32F4xx_HAL_Driver/Src/stm32f4xx_hal_rng.o
LOAD ./libraries/STM32F4xx_HAL_Driver/Src/stm32f4xx_hal_rtc.o
LOAD ./libraries/STM32F4xx_HAL_Driver/Src/stm32f4xx_hal_rtc_ex.o
LOAD ./libraries/STM32F4xx_HAL_Driver/Src/stm32f4xx_hal_sai.o
LOAD ./libraries/STM32F4xx_HAL_Driver/Src/stm32f4xx_hal_sai_ex.o
LOAD ./libraries/STM32F4xx_HAL_Driver/Src/stm32f4xx_hal_sd.o
LOAD ./libraries/STM32F4xx_HAL_Driver/Src/stm32f4xx_hal_sdram.o
LOAD ./libraries/STM32F4xx_HAL_Driver/Src/stm32f4xx_hal_smartcard.o
LOAD ./libraries/STM32F4xx_HAL_Driver/Src/stm32f4xx_hal_smbus.o
LOAD ./libraries/STM32F4xx_HAL_Driver/Src/stm32f4xx_hal_spdifrx.o
LOAD ./libraries/STM32F4xx_HAL_Driver/Src/stm32f4xx_hal_spi.o
LOAD ./libraries/STM32F4xx_HAL_Driver/Src/stm32f4xx_hal_sram.o
LOAD ./libraries/STM32F4xx_HAL_Driver/Src/stm32f4xx_hal_tim.o
LOAD ./libraries/STM32F4xx_HAL_Driver/Src/stm32f4xx_hal_tim_ex.o
LOAD ./libraries/STM32F4xx_HAL_Driver/Src/stm32f4xx_hal_uart.o
LOAD ./libraries/STM32F4xx_HAL_Driver/Src/stm32f4xx_hal_usart.o
LOAD ./libraries/STM32F4xx_HAL_Driver/Src/stm32f4xx_hal_wwdg.o
LOAD ./libraries/STM32F4xx_HAL_Driver/Src/stm32f4xx_ll_usb.o
LOAD ./libraries/CMSIS/Device/ST/STM32F4xx/Source/Templates/gcc/startup_stm32f429xx.o
LOAD ./libraries/CMSIS/Device/ST/STM32F4xx/Source/Templates/system_stm32f4xx.o
LOAD ./drivers/board.o
LOAD ./drivers/drv_can.o
LOAD ./drivers/drv_clk.o
LOAD ./drivers/drv_common.o
LOAD ./drivers/drv_gpio.o
LOAD ./drivers/drv_usart.o
LOAD ./drivers/stm32f4xx_hal_msp.o
LOAD ./applications/main.o
START GROUP
LOAD e:/rt-threadstudio/repo/extract/toolchain_support_packages/arm/gnu_tools_for_arm_embedded_processors/5.4.1/bin/../lib/gcc/arm-none-eabi/5.4.1/armv7e-m/fpu\libgcc.a
LOAD e:/rt-threadstudio/repo/extract/toolchain_support_packages/arm/gnu_tools_for_arm_embedded_processors/5.4.1/bin/../lib/gcc/arm-none-eabi/5.4.1/../../../../arm-none-eabi/lib/armv7e-m/fpu\libg.a
LOAD e:/rt-threadstudio/repo/extract/toolchain_support_packages/arm/gnu_tools_for_arm_embedded_processors/5.4.1/bin/../lib/gcc/arm-none-eabi/5.4.1/../../../../arm-none-eabi/lib/armv7e-m/fpu\libc.a
END GROUP
LOAD e:/rt-threadstudio/repo/extract/toolchain_support_packages/arm/gnu_tools_for_arm_embedded_processors/5.4.1/bin/../lib/gcc/arm-none-eabi/5.4.1/armv7e-m/fpu/crtend.o
LOAD e:/rt-threadstudio/repo/extract/toolchain_support_packages/arm/gnu_tools_for_arm_embedded_processors/5.4.1/bin/../lib/gcc/arm-none-eabi/5.4.1/armv7e-m/fpu/crtn.o
                0x00000400                _system_stack_size = 0x400

.text           0x08000000    0x10934
                0x08000000                . = ALIGN (0x4)
                0x08000000                _stext = .
 *(.isr_vector)
 .isr_vector    0x08000000      0x1ac ./libraries/CMSIS/Device/ST/STM32F4xx/Source/Templates/gcc/startup_stm32f429xx.o
                0x08000000                g_pfnVectors
                0x080001ac                . = ALIGN (0x4)
 *(.text)
 .text          0x080001ac       0x5c e:/rt-threadstudio/repo/extract/toolchain_support_packages/arm/gnu_tools_for_arm_embedded_processors/5.4.1/bin/../lib/gcc/arm-none-eabi/5.4.1/armv7e-m/fpu/crtbegin.o
 .text          0x08000208      0x13c ./rt-thread/libcpu/arm/cortex-m4/context_gcc.o
                0x08000208                rt_hw_interrupt_disable
                0x08000210                rt_hw_interrupt_enable
                0x08000216                rt_hw_context_switch_interrupt
                0x08000216                rt_hw_context_switch
                0x08000236                PendSV_Handler
                0x080002a2                rt_hw_context_switch_to
                0x080002e8                rt_hw_interrupt_thread_switch
                0x080002ec                HardFault_Handler
 .text          0x08000344       0x30 e:/rt-threadstudio/repo/extract/toolchain_support_packages/arm/gnu_tools_for_arm_embedded_processors/5.4.1/bin/../lib/gcc/arm-none-eabi/5.4.1/armv7e-m/fpu\libgcc.a(_aeabi_uldivmod.o)
                0x08000344                __aeabi_uldivmod
 .text          0x08000374      0x2e4 e:/rt-threadstudio/repo/extract/toolchain_support_packages/arm/gnu_tools_for_arm_embedded_processors/5.4.1/bin/../lib/gcc/arm-none-eabi/5.4.1/armv7e-m/fpu\libgcc.a(_udivmoddi4.o)
                0x08000374                __udivmoddi4
 .text          0x08000658        0x4 e:/rt-threadstudio/repo/extract/toolchain_support_packages/arm/gnu_tools_for_arm_embedded_processors/5.4.1/bin/../lib/gcc/arm-none-eabi/5.4.1/armv7e-m/fpu\libgcc.a(_dvmd_tls.o)
                0x08000658                __aeabi_idiv0
                0x08000658                __aeabi_ldiv0
 .text          0x0800065c      0x134 e:/rt-threadstudio/repo/extract/toolchain_support_packages/arm/gnu_tools_for_arm_embedded_processors/5.4.1/bin/../lib/gcc/arm-none-eabi/5.4.1/../../../../arm-none-eabi/lib/armv7e-m/fpu\libg.a(lib_a-memcpy.o)
                0x0800065c                memcpy
 *fill*         0x08000790       0x30 00000000
 .text          0x080007c0       0xdc e:/rt-threadstudio/repo/extract/toolchain_support_packages/arm/gnu_tools_for_arm_embedded_processors/5.4.1/bin/../lib/gcc/arm-none-eabi/5.4.1/../../../../arm-none-eabi/lib/armv7e-m/fpu\libg.a(lib_a-strlen.o)
                0x080007c0                strlen
 *(.text.*)
 .text.rt_tick_get
                0x0800089c       0x18 ./rt-thread/src/clock.o
                0x0800089c                rt_tick_get
 .text.rt_tick_increase
                0x080008b4       0x58 ./rt-thread/src/clock.o
                0x080008b4                rt_tick_increase
 .text.rt_tick_from_millisecond
                0x0800090c       0x78 ./rt-thread/src/clock.o
                0x0800090c                rt_tick_from_millisecond
 .text.rti_start
                0x08000984       0x10 ./rt-thread/src/components.o
 .text.rti_board_start
                0x08000994       0x10 ./rt-thread/src/components.o
 .text.rti_board_end
                0x080009a4       0x10 ./rt-thread/src/components.o
 .text.rti_end  0x080009b4       0x10 ./rt-thread/src/components.o
 .text.rt_components_board_init
                0x080009c4       0x30 ./rt-thread/src/components.o
                0x080009c4                rt_components_board_init
 .text.rt_components_init
                0x080009f4       0x30 ./rt-thread/src/components.o
                0x080009f4                rt_components_init
 .text.entry    0x08000a24       0x10 ./rt-thread/src/components.o
                0x08000a24                entry
 .text.main_thread_entry
                0x08000a34       0x18 ./rt-thread/src/components.o
                0x08000a34                main_thread_entry
 .text.rt_application_init
                0x08000a4c       0x4c ./rt-thread/src/components.o
                0x08000a4c                rt_application_init
 .text.rtthread_startup
                0x08000a98       0x30 ./rt-thread/src/components.o
                0x08000a98                rtthread_startup
 .text.rt_device_register
                0x08000ac8       0x58 ./rt-thread/src/device.o
                0x08000ac8                rt_device_register
 .text.rt_device_find
                0x08000b20       0x1c ./rt-thread/src/device.o
                0x08000b20                rt_device_find
 .text.rt_device_open
                0x08000b3c      0x120 ./rt-thread/src/device.o
                0x08000b3c                rt_device_open
 .text.rt_device_close
                0x08000c5c       0xa4 ./rt-thread/src/device.o
                0x08000c5c                rt_device_close
 .text.rt_device_read
                0x08000d00       0x88 ./rt-thread/src/device.o
                0x08000d00                rt_device_read
 .text.rt_device_write
                0x08000d88       0x88 ./rt-thread/src/device.o
                0x08000d88                rt_device_write
 .text.rt_device_control
                0x08000e10       0x68 ./rt-thread/src/device.o
                0x08000e10                rt_device_control
 .text.rt_device_set_rx_indicate
                0x08000e78       0x54 ./rt-thread/src/device.o
                0x08000e78                rt_device_set_rx_indicate
 .text.rt_list_remove
                0x08000ecc       0x38 ./rt-thread/src/idle.o
 .text._has_defunct_thread
                0x08000f04       0x2c ./rt-thread/src/idle.o
 .text.rt_thread_idle_excute
                0x08000f30       0x88 ./rt-thread/src/idle.o
                0x08000f30                rt_thread_idle_excute
 .text.rt_thread_idle_entry
                0x08000fb8       0x3c ./rt-thread/src/idle.o
 .text.rt_thread_idle_init
                0x08000ff4       0x7c ./rt-thread/src/idle.o
                0x08000ff4                rt_thread_idle_init
 .text.rt_list_init
                0x08001070       0x24 ./rt-thread/src/ipc.o
 .text.rt_list_insert_before
                0x08001094       0x34 ./rt-thread/src/ipc.o
 .text.rt_list_isempty
                0x080010c8       0x24 ./rt-thread/src/ipc.o
 .text.rt_ipc_object_init
                0x080010ec       0x1c ./rt-thread/src/ipc.o
 .text.rt_ipc_list_suspend
                0x08001108       0x90 ./rt-thread/src/ipc.o
 .text.rt_ipc_list_resume
                0x08001198       0x20 ./rt-thread/src/ipc.o
 .text.rt_ipc_list_resume_all
                0x080011b8       0x48 ./rt-thread/src/ipc.o
 .text.rt_sem_init
                0x08001200       0x6c ./rt-thread/src/ipc.o
                0x08001200                rt_sem_init
 .text.rt_sem_detach
                0x0800126c       0x74 ./rt-thread/src/ipc.o
                0x0800126c                rt_sem_detach
 .text.rt_sem_take
                0x080012e0      0x138 ./rt-thread/src/ipc.o
                0x080012e0                rt_sem_take
 .text.rt_sem_release
                0x08001418       0xa4 ./rt-thread/src/ipc.o
                0x08001418                rt_sem_release
 .text.rt_mutex_init
                0x080014bc       0x6c ./rt-thread/src/ipc.o
                0x080014bc                rt_mutex_init
 .text.rt_mutex_take
                0x08001528      0x1d0 ./rt-thread/src/ipc.o
                0x08001528                rt_mutex_take
 .text.rt_mutex_release
                0x080016f8      0x1b8 ./rt-thread/src/ipc.o
                0x080016f8                rt_mutex_release
 .text.rt_interrupt_enter
                0x080018b0       0x2c ./rt-thread/src/irq.o
                0x080018b0                rt_interrupt_enter
 .text.rt_interrupt_leave
                0x080018dc       0x2c ./rt-thread/src/irq.o
                0x080018dc                rt_interrupt_leave
 .text.rt_interrupt_get_nest
                0x08001908       0x28 ./rt-thread/src/irq.o
                0x08001908                rt_interrupt_get_nest
 .text.rt_set_errno
                0x08001930       0x40 ./rt-thread/src/kservice.o
                0x08001930                rt_set_errno
 .text.rt_memset
                0x08001970       0xb8 ./rt-thread/src/kservice.o
                0x08001970                rt_memset
 .text.rt_memcpy
                0x08001a28       0xd4 ./rt-thread/src/kservice.o
                0x08001a28                rt_memcpy
 .text.rt_memmove
                0x08001afc       0x84 ./rt-thread/src/kservice.o
                0x08001afc                rt_memmove
 .text.rt_strncpy
                0x08001b80       0x64 ./rt-thread/src/kservice.o
                0x08001b80                rt_strncpy
 .text.rt_strncmp
                0x08001be4       0x4c ./rt-thread/src/kservice.o
                0x08001be4                rt_strncmp
 .text.rt_strlen
                0x08001c30       0x30 ./rt-thread/src/kservice.o
                0x08001c30                rt_strlen
 .text.rt_show_version
                0x08001c60       0x44 ./rt-thread/src/kservice.o
                0x08001c60                rt_show_version
 .text.divide   0x08001ca4       0x68 ./rt-thread/src/kservice.o
 .text.skip_atoi
                0x08001d0c       0x40 ./rt-thread/src/kservice.o
 .text.print_number
                0x08001d4c      0x1dc ./rt-thread/src/kservice.o
 .text.rt_vsnprintf
                0x08001f28      0x548 ./rt-thread/src/kservice.o
                0x08001f28                rt_vsnprintf
 .text.rt_vsprintf
                0x08002470       0x24 ./rt-thread/src/kservice.o
                0x08002470                rt_vsprintf
 .text.rt_sprintf
                0x08002494       0x2c ./rt-thread/src/kservice.o
                0x08002494                rt_sprintf
 .text.rt_console_get_device
                0x080024c0       0x18 ./rt-thread/src/kservice.o
                0x080024c0                rt_console_get_device
 .text.rt_console_set_device
                0x080024d8       0x58 ./rt-thread/src/kservice.o
                0x080024d8                rt_console_set_device
 .text.rt_hw_console_output
                0x08002530       0x14 ./rt-thread/src/kservice.o
                0x08002530                rt_hw_console_output
 .text.rt_kprintf
                0x08002544       0x84 ./rt-thread/src/kservice.o
                0x08002544                rt_kprintf
 .text.rt_assert_handler
                0x080025c8       0x4c ./rt-thread/src/kservice.o
                0x080025c8                rt_assert_handler
 .text.plug_holes
                0x08002614      0x100 ./rt-thread/src/mem.o
 .text.rt_system_heap_init
                0x08002714      0x118 ./rt-thread/src/mem.o
                0x08002714                rt_system_heap_init
 .text.rt_malloc
                0x0800282c      0x278 ./rt-thread/src/mem.o
                0x0800282c                rt_malloc
 .text.rt_calloc
                0x08002aa4       0x3c ./rt-thread/src/mem.o
                0x08002aa4                rt_calloc
 .text.rt_free  0x08002ae0      0x174 ./rt-thread/src/mem.o
                0x08002ae0                rt_free
 .text.list_mem
                0x08002c54       0x44 ./rt-thread/src/mem.o
                0x08002c54                list_mem
 .text.rt_list_insert_after
                0x08002c98       0x34 ./rt-thread/src/object.o
 .text.rt_list_remove
                0x08002ccc       0x38 ./rt-thread/src/object.o
 .text.rt_object_get_information
                0x08002d04       0x48 ./rt-thread/src/object.o
                0x08002d04                rt_object_get_information
 .text.rt_object_init
                0x08002d4c       0xb8 ./rt-thread/src/object.o
                0x08002d4c                rt_object_init
 .text.rt_object_detach
                0x08002e04       0x48 ./rt-thread/src/object.o
                0x08002e04                rt_object_detach
 .text.rt_object_allocate
                0x08002e4c       0xc8 ./rt-thread/src/object.o
                0x08002e4c                rt_object_allocate
 .text.rt_object_delete
                0x08002f14       0x6c ./rt-thread/src/object.o
                0x08002f14                rt_object_delete
 .text.rt_object_is_systemobject
                0x08002f80       0x3c ./rt-thread/src/object.o
                0x08002f80                rt_object_is_systemobject
 .text.rt_object_get_type
                0x08002fbc       0x38 ./rt-thread/src/object.o
                0x08002fbc                rt_object_get_type
 .text.rt_object_find
                0x08002ff4       0xb4 ./rt-thread/src/object.o
                0x08002ff4                rt_object_find
 .text.rt_list_init
                0x080030a8       0x24 ./rt-thread/src/scheduler.o
 .text.rt_list_insert_before
                0x080030cc       0x34 ./rt-thread/src/scheduler.o
 .text.rt_list_remove
                0x08003100       0x38 ./rt-thread/src/scheduler.o
 .text.rt_list_isempty
                0x08003138       0x24 ./rt-thread/src/scheduler.o
 .text._rt_scheduler_stack_check
                0x0800315c       0x94 ./rt-thread/src/scheduler.o
 .text._get_highest_priority_thread
                0x080031f0       0x38 ./rt-thread/src/scheduler.o
 .text.rt_system_scheduler_init
                0x08003228       0x40 ./rt-thread/src/scheduler.o
                0x08003228                rt_system_scheduler_init
 .text.rt_system_scheduler_start
                0x08003268       0x38 ./rt-thread/src/scheduler.o
                0x08003268                rt_system_scheduler_start
 .text.rt_schedule
                0x080032a0      0x174 ./rt-thread/src/scheduler.o
                0x080032a0                rt_schedule
 .text.rt_schedule_insert_thread
                0x08003414       0xac ./rt-thread/src/scheduler.o
                0x08003414                rt_schedule_insert_thread
 .text.rt_schedule_remove_thread
                0x080034c0       0x70 ./rt-thread/src/scheduler.o
                0x080034c0                rt_schedule_remove_thread
 .text.rt_enter_critical
                0x08003530       0x2c ./rt-thread/src/scheduler.o
                0x08003530                rt_enter_critical
 .text.rt_exit_critical
                0x0800355c       0x54 ./rt-thread/src/scheduler.o
                0x0800355c                rt_exit_critical
 .text.rt_list_init
                0x080035b0       0x24 ./rt-thread/src/thread.o
 .text.rt_list_insert_after
                0x080035d4       0x34 ./rt-thread/src/thread.o
 .text.rt_list_remove
                0x08003608       0x38 ./rt-thread/src/thread.o
 .text._thread_cleanup_execute
                0x08003640       0x30 ./rt-thread/src/thread.o
 .text.rt_thread_exit
                0x08003670       0x68 ./rt-thread/src/thread.o
                0x08003670                rt_thread_exit
 .text._rt_thread_init
                0x080036d8       0xe8 ./rt-thread/src/thread.o
 .text.rt_thread_init
                0x080037c0       0x70 ./rt-thread/src/thread.o
                0x080037c0                rt_thread_init
 .text.rt_thread_self
                0x08003830       0x18 ./rt-thread/src/thread.o
                0x08003830                rt_thread_self
 .text.rt_thread_startup
                0x08003848       0xa0 ./rt-thread/src/thread.o
                0x08003848                rt_thread_startup
 .text.rt_thread_detach
                0x080038e8       0xd4 ./rt-thread/src/thread.o
                0x080038e8                rt_thread_detach
 .text.rt_thread_create
                0x080039bc       0x64 ./rt-thread/src/thread.o
                0x080039bc                rt_thread_create
 .text.rt_thread_delete
                0x08003a20       0xc0 ./rt-thread/src/thread.o
                0x08003a20                rt_thread_delete
 .text.rt_thread_sleep
                0x08003ae0       0x8c ./rt-thread/src/thread.o
                0x08003ae0                rt_thread_sleep
 .text.rt_thread_mdelay
                0x08003b6c       0x20 ./rt-thread/src/thread.o
                0x08003b6c                rt_thread_mdelay
 .text.rt_thread_control
                0x08003b8c       0xe8 ./rt-thread/src/thread.o
                0x08003b8c                rt_thread_control
 .text.rt_thread_suspend
                0x08003c74       0xb8 ./rt-thread/src/thread.o
                0x08003c74                rt_thread_suspend
 .text.rt_thread_resume
                0x08003d2c       0x84 ./rt-thread/src/thread.o
                0x08003d2c                rt_thread_resume
 .text.rt_thread_timeout
                0x08003db0       0x84 ./rt-thread/src/thread.o
                0x08003db0                rt_thread_timeout
 .text.rt_list_init
                0x08003e34       0x24 ./rt-thread/src/timer.o
 .text.rt_list_insert_after
                0x08003e58       0x34 ./rt-thread/src/timer.o
 .text.rt_list_remove
                0x08003e8c       0x38 ./rt-thread/src/timer.o
 .text.rt_list_isempty
                0x08003ec4       0x24 ./rt-thread/src/timer.o
 .text._rt_timer_init
                0x08003ee8       0x70 ./rt-thread/src/timer.o
 .text._rt_timer_remove
                0x08003f58       0x34 ./rt-thread/src/timer.o
 .text.rt_timer_init
                0x08003f8c       0x48 ./rt-thread/src/timer.o
                0x08003f8c                rt_timer_init
 .text.rt_timer_detach
                0x08003fd4       0x8c ./rt-thread/src/timer.o
                0x08003fd4                rt_timer_detach
 .text.rt_timer_start
                0x08004060      0x1e4 ./rt-thread/src/timer.o
                0x08004060                rt_timer_start
 .text.rt_timer_stop
                0x08004244       0x84 ./rt-thread/src/timer.o
                0x08004244                rt_timer_stop
 .text.rt_timer_control
                0x080042c8       0xd8 ./rt-thread/src/timer.o
                0x080042c8                rt_timer_control
 .text.rt_timer_check
                0x080043a0       0xf0 ./rt-thread/src/timer.o
                0x080043a0                rt_timer_check
 .text.rt_system_timer_init
                0x08004490       0x34 ./rt-thread/src/timer.o
                0x08004490                rt_system_timer_init
 .text.rt_system_timer_thread_init
                0x080044c4       0x10 ./rt-thread/src/timer.o
                0x080044c4                rt_system_timer_thread_init
 .text.rt_hw_stack_init
                0x080044d4       0x90 ./rt-thread/libcpu/arm/cortex-m4/cpuport.o
                0x080044d4                rt_hw_stack_init
 .text.usage_fault_track
                0x08004564       0xc4 ./rt-thread/libcpu/arm/cortex-m4/cpuport.o
 .text.bus_fault_track
                0x08004628       0xcc ./rt-thread/libcpu/arm/cortex-m4/cpuport.o
 .text.mem_manage_fault_track
                0x080046f4       0xb4 ./rt-thread/libcpu/arm/cortex-m4/cpuport.o
 .text.hard_fault_track
                0x080047a8       0x78 ./rt-thread/libcpu/arm/cortex-m4/cpuport.o
 .text.rt_hw_hard_fault_exception
                0x08004820      0x184 ./rt-thread/libcpu/arm/cortex-m4/cpuport.o
                0x08004820                rt_hw_hard_fault_exception
 .text.rt_hw_cpu_reset
                0x080049a4       0x1c ./rt-thread/libcpu/arm/cortex-m4/cpuport.o
                0x080049a4                rt_hw_cpu_reset
 .text.__rt_ffs
                0x080049c0       0x2c ./rt-thread/libcpu/arm/cortex-m4/cpuport.o
                0x080049c0                __rt_ffs
 .text.rt_list_isempty
                0x080049ec       0x24 ./rt-thread/components/finsh/cmd.o
 .text.rt_list_len
                0x08004a10       0x38 ./rt-thread/components/finsh/cmd.o
 .text.hello    0x08004a48       0x14 ./rt-thread/components/finsh/cmd.o
                0x08004a48                hello
 .text.clear    0x08004a5c       0x14 ./rt-thread/components/finsh/cmd.o
 .text.version  0x08004a70       0x10 ./rt-thread/components/finsh/cmd.o
                0x08004a70                version
 .text.object_split
                0x08004a80       0x28 ./rt-thread/components/finsh/cmd.o
 .text.list_find_init
                0x08004aa8       0x48 ./rt-thread/components/finsh/cmd.o
 .text.list_get_next
                0x08004af0       0xc8 ./rt-thread/components/finsh/cmd.o
 .text.list_thread
                0x08004bb8      0x20c ./rt-thread/components/finsh/cmd.o
                0x08004bb8                list_thread
 .text.show_wait_queue
                0x08004dc4       0x50 ./rt-thread/components/finsh/cmd.o
 .text.list_sem
                0x08004e14      0x12c ./rt-thread/components/finsh/cmd.o
                0x08004e14                list_sem
 .text.list_event
                0x08004f40      0x11c ./rt-thread/components/finsh/cmd.o
                0x08004f40                list_event
 .text.list_mutex
                0x0800505c       0xec ./rt-thread/components/finsh/cmd.o
                0x0800505c                list_mutex
 .text.list_mailbox
                0x08005148      0x13c ./rt-thread/components/finsh/cmd.o
                0x08005148                list_mailbox
 .text.list_mempool
                0x08005284      0x148 ./rt-thread/components/finsh/cmd.o
                0x08005284                list_mempool
 .text.list_timer
                0x080053cc      0x10c ./rt-thread/components/finsh/cmd.o
                0x080053cc                list_timer
 .text.list_device
                0x080054d8       0xf8 ./rt-thread/components/finsh/cmd.o
                0x080054d8                list_device
 .text.list     0x080055d0       0x6c ./rt-thread/components/finsh/cmd.o
                0x080055d0                list
 .text.msh_is_used
                0x0800563c       0x10 ./rt-thread/components/finsh/msh.o
                0x0800563c                msh_is_used
 .text.msh_help
                0x0800564c       0x7c ./rt-thread/components/finsh/msh.o
                0x0800564c                msh_help
 .text.cmd_ps   0x080056c8       0x18 ./rt-thread/components/finsh/msh.o
                0x080056c8                cmd_ps
 .text.cmd_free
                0x080056e0       0x18 ./rt-thread/components/finsh/msh.o
                0x080056e0                cmd_free
 .text.msh_split
                0x080056f8      0x170 ./rt-thread/components/finsh/msh.o
 .text.msh_get_cmd
                0x08005868       0x80 ./rt-thread/components/finsh/msh.o
 .text._msh_exec_cmd
                0x080058e8       0xd4 ./rt-thread/components/finsh/msh.o
 .text.msh_exec
                0x080059bc       0x84 ./rt-thread/components/finsh/msh.o
                0x080059bc                msh_exec
 .text.str_common
                0x08005a40       0x4c ./rt-thread/components/finsh/msh.o
 .text.msh_auto_complete
                0x08005a8c       0xd0 ./rt-thread/components/finsh/msh.o
                0x08005a8c                msh_auto_complete
 .text.finsh_get_prompt
                0x08005b5c       0xa0 ./rt-thread/components/finsh/shell.o
                0x08005b5c                finsh_get_prompt
 .text.finsh_set_prompt_mode
                0x08005bfc       0x48 ./rt-thread/components/finsh/shell.o
                0x08005bfc                finsh_set_prompt_mode
 .text.finsh_getchar
                0x08005c44       0x5c ./rt-thread/components/finsh/shell.o
 .text.finsh_rx_ind
                0x08005ca0       0x3c ./rt-thread/components/finsh/shell.o
 .text.finsh_set_device
                0x08005cdc       0xd8 ./rt-thread/components/finsh/shell.o
                0x08005cdc                finsh_set_device
 .text.shell_auto_complete
                0x08005db4       0x40 ./rt-thread/components/finsh/shell.o
 .text.shell_handle_history
                0x08005df4       0x34 ./rt-thread/components/finsh/shell.o
 .text.shell_push_history
                0x08005e28      0x160 ./rt-thread/components/finsh/shell.o
 .text.finsh_thread_entry
                0x08005f88      0x5d8 ./rt-thread/components/finsh/shell.o
                0x08005f88                finsh_thread_entry
 .text.finsh_system_function_init
                0x08006560       0x2c ./rt-thread/components/finsh/shell.o
                0x08006560                finsh_system_function_init
 .text.finsh_system_var_init
                0x0800658c       0x2c ./rt-thread/components/finsh/shell.o
                0x0800658c                finsh_system_var_init
 .text.finsh_system_init
                0x080065b8       0xac ./rt-thread/components/finsh/shell.o
                0x080065b8                finsh_system_init
 .text.rt_list_init
                0x08006664       0x24 ./rt-thread/components/drivers/src/completion.o
 .text.rt_list_insert_before
                0x08006688       0x34 ./rt-thread/components/drivers/src/completion.o
 .text.rt_list_isempty
                0x080066bc       0x24 ./rt-thread/components/drivers/src/completion.o
 .text.rt_completion_init
                0x080066e0       0x44 ./rt-thread/components/drivers/src/completion.o
                0x080066e0                rt_completion_init
 .text.rt_completion_wait
                0x08006724       0xfc ./rt-thread/components/drivers/src/completion.o
                0x08006724                rt_completion_wait
 .text.rt_completion_done
                0x08006820       0x70 ./rt-thread/components/drivers/src/completion.o
                0x08006820                rt_completion_done
 .text._serial_poll_rx
                0x08006890       0x80 ./rt-thread/components/drivers/serial/serial.o
 .text._serial_poll_tx
                0x08006910       0x7c ./rt-thread/components/drivers/serial/serial.o
 .text._serial_int_rx
                0x0800698c       0xd8 ./rt-thread/components/drivers/serial/serial.o
 .text._serial_int_tx
                0x08006a64       0xc4 ./rt-thread/components/drivers/serial/serial.o
 .text._serial_check_buffer_size
                0x08006b28       0x38 ./rt-thread/components/drivers/serial/serial.o
 .text.rt_serial_init
                0x08006b60       0x5c ./rt-thread/components/drivers/serial/serial.o
 .text.rt_serial_open
                0x08006bbc      0x20c ./rt-thread/components/drivers/serial/serial.o
 .text.rt_serial_close
                0x08006dc8       0xe4 ./rt-thread/components/drivers/serial/serial.o
 .text.rt_serial_read
                0x08006eac       0x68 ./rt-thread/components/drivers/serial/serial.o
 .text.rt_serial_write
                0x08006f14       0x68 ./rt-thread/components/drivers/serial/serial.o
 .text.rt_serial_control
                0x08006f7c       0xd4 ./rt-thread/components/drivers/serial/serial.o
 .text.rt_hw_serial_register
                0x08007050       0x9c ./rt-thread/components/drivers/serial/serial.o
                0x08007050                rt_hw_serial_register
 .text.rt_hw_serial_isr
                0x080070ec      0x14c ./rt-thread/components/drivers/serial/serial.o
                0x080070ec                rt_hw_serial_isr
 .text._pin_read
                0x08007238       0x60 ./rt-thread/components/drivers/misc/pin.o
 .text._pin_write
                0x08007298       0x5c ./rt-thread/components/drivers/misc/pin.o
 .text._pin_control
                0x080072f4       0x58 ./rt-thread/components/drivers/misc/pin.o
 .text.rt_device_pin_register
                0x0800734c       0x74 ./rt-thread/components/drivers/misc/pin.o
                0x0800734c                rt_device_pin_register
 .text.rt_pin_mode
                0x080073c0       0x40 ./rt-thread/components/drivers/misc/pin.o
                0x080073c0                rt_pin_mode
 .text.rt_pin_write
                0x08007400       0x40 ./rt-thread/components/drivers/misc/pin.o
                0x08007400                rt_pin_write
 .text.rt_pin_read
                0x08007440       0x3c ./rt-thread/components/drivers/misc/pin.o
                0x08007440                rt_pin_read
 .text.rt_pin_get
                0x0800747c       0x60 ./rt-thread/components/drivers/misc/pin.o
                0x0800747c                rt_pin_get
 .text.rt_list_init
                0x080074dc       0x24 ./rt-thread/components/drivers/can/can.o
 .text.rt_list_insert_after
                0x08007500       0x34 ./rt-thread/components/drivers/can/can.o
 .text.rt_list_insert_before
                0x08007534       0x34 ./rt-thread/components/drivers/can/can.o
 .text.rt_list_remove
                0x08007568       0x38 ./rt-thread/components/drivers/can/can.o
 .text.rt_list_isempty
                0x080075a0       0x24 ./rt-thread/components/drivers/can/can.o
 .text.rt_list_len
                0x080075c4       0x38 ./rt-thread/components/drivers/can/can.o
 .text.rt_can_init
                0x080075fc       0x68 ./rt-thread/components/drivers/can/can.o
 .text._can_int_rx
                0x08007664       0xf8 ./rt-thread/components/drivers/can/can.o
 .text._can_int_tx
                0x0800775c      0x19c ./rt-thread/components/drivers/can/can.o
 .text._can_int_tx_priv
                0x080078f8      0x16c ./rt-thread/components/drivers/can/can.o
 .text.rt_can_open
                0x08007a64      0x278 ./rt-thread/components/drivers/can/can.o
 .text.rt_can_close
                0x08007cdc      0x154 ./rt-thread/components/drivers/can/can.o
 .text.rt_can_read
                0x08007e30       0x68 ./rt-thread/components/drivers/can/can.o
 .text.rt_can_write
                0x08007e98       0x80 ./rt-thread/components/drivers/can/can.o
 .text.rt_can_control
                0x08007f18      0x20c ./rt-thread/components/drivers/can/can.o
 .text.cantimeout
                0x08008124       0x6c ./rt-thread/components/drivers/can/can.o
 .text.rt_hw_can_register
                0x08008190      0x104 ./rt-thread/components/drivers/can/can.o
                0x08008190                rt_hw_can_register
 .text.rt_hw_can_isr
                0x08008294      0x22c ./rt-thread/components/drivers/can/can.o
                0x08008294                rt_hw_can_isr
 .text.cmd_canstat
                0x080084c0      0x158 ./rt-thread/components/drivers/can/can.o
                0x080084c0                cmd_canstat
 .text.HAL_Init
                0x08008618       0x44 ./libraries/STM32F4xx_HAL_Driver/Src/stm32f4xx_hal.o
                0x08008618                HAL_Init
 .text.HAL_IncTick
                0x0800865c       0x28 ./libraries/STM32F4xx_HAL_Driver/Src/stm32f4xx_hal.o
                0x0800865c                HAL_IncTick
 .text.HAL_CAN_Init
                0x08008684      0x1f4 ./libraries/STM32F4xx_HAL_Driver/Src/stm32f4xx_hal_can.o
                0x08008684                HAL_CAN_Init
 .text.HAL_CAN_MspInit
                0x08008878       0x14 ./libraries/STM32F4xx_HAL_Driver/Src/stm32f4xx_hal_can.o
                0x08008878                HAL_CAN_MspInit
 .text.HAL_CAN_ConfigFilter
                0x0800888c      0x1c0 ./libraries/STM32F4xx_HAL_Driver/Src/stm32f4xx_hal_can.o
                0x0800888c                HAL_CAN_ConfigFilter
 .text.HAL_CAN_Start
                0x08008a4c       0x88 ./libraries/STM32F4xx_HAL_Driver/Src/stm32f4xx_hal_can.o
                0x08008a4c                HAL_CAN_Start
 .text.HAL_CAN_GetRxMessage
                0x08008ad4      0x244 ./libraries/STM32F4xx_HAL_Driver/Src/stm32f4xx_hal_can.o
                0x08008ad4                HAL_CAN_GetRxMessage
 .text.HAL_CAN_GetRxFifoFillLevel
                0x08008d18       0x50 ./libraries/STM32F4xx_HAL_Driver/Src/stm32f4xx_hal_can.o
                0x08008d18                HAL_CAN_GetRxFifoFillLevel
 .text.HAL_CAN_IRQHandler
                0x08008d68      0x364 ./libraries/STM32F4xx_HAL_Driver/Src/stm32f4xx_hal_can.o
                0x08008d68                HAL_CAN_IRQHandler
 .text.HAL_CAN_TxMailbox0CompleteCallback
                0x080090cc       0x14 ./libraries/STM32F4xx_HAL_Driver/Src/stm32f4xx_hal_can.o
                0x080090cc                HAL_CAN_TxMailbox0CompleteCallback
 .text.HAL_CAN_TxMailbox1CompleteCallback
                0x080090e0       0x14 ./libraries/STM32F4xx_HAL_Driver/Src/stm32f4xx_hal_can.o
                0x080090e0                HAL_CAN_TxMailbox1CompleteCallback
 .text.HAL_CAN_TxMailbox2CompleteCallback
                0x080090f4       0x14 ./libraries/STM32F4xx_HAL_Driver/Src/stm32f4xx_hal_can.o
                0x080090f4                HAL_CAN_TxMailbox2CompleteCallback
 .text.HAL_CAN_TxMailbox0AbortCallback
                0x08009108       0x14 ./libraries/STM32F4xx_HAL_Driver/Src/stm32f4xx_hal_can.o
                0x08009108                HAL_CAN_TxMailbox0AbortCallback
 .text.HAL_CAN_TxMailbox1AbortCallback
                0x0800911c       0x14 ./libraries/STM32F4xx_HAL_Driver/Src/stm32f4xx_hal_can.o
                0x0800911c                HAL_CAN_TxMailbox1AbortCallback
 .text.HAL_CAN_TxMailbox2AbortCallback
                0x08009130       0x14 ./libraries/STM32F4xx_HAL_Driver/Src/stm32f4xx_hal_can.o
                0x08009130                HAL_CAN_TxMailbox2AbortCallback
 .text.HAL_CAN_RxFifo0MsgPendingCallback
                0x08009144       0x14 ./libraries/STM32F4xx_HAL_Driver/Src/stm32f4xx_hal_can.o
                0x08009144                HAL_CAN_RxFifo0MsgPendingCallback
 .text.HAL_CAN_RxFifo0FullCallback
                0x08009158       0x14 ./libraries/STM32F4xx_HAL_Driver/Src/stm32f4xx_hal_can.o
                0x08009158                HAL_CAN_RxFifo0FullCallback
 .text.HAL_CAN_RxFifo1MsgPendingCallback
                0x0800916c       0x14 ./libraries/STM32F4xx_HAL_Driver/Src/stm32f4xx_hal_can.o
                0x0800916c                HAL_CAN_RxFifo1MsgPendingCallback
 .text.HAL_CAN_RxFifo1FullCallback
                0x08009180       0x14 ./libraries/STM32F4xx_HAL_Driver/Src/stm32f4xx_hal_can.o
                0x08009180                HAL_CAN_RxFifo1FullCallback
 .text.HAL_CAN_SleepCallback
                0x08009194       0x14 ./libraries/STM32F4xx_HAL_Driver/Src/stm32f4xx_hal_can.o
                0x08009194                HAL_CAN_SleepCallback
 .text.HAL_CAN_WakeUpFromRxMsgCallback
                0x080091a8       0x14 ./libraries/STM32F4xx_HAL_Driver/Src/stm32f4xx_hal_can.o
                0x080091a8                HAL_CAN_WakeUpFromRxMsgCallback
 .text.__NVIC_SetPriorityGrouping
                0x080091bc       0x48 ./libraries/STM32F4xx_HAL_Driver/Src/stm32f4xx_hal_cortex.o
 .text.__NVIC_GetPriorityGrouping
                0x08009204       0x1c ./libraries/STM32F4xx_HAL_Driver/Src/stm32f4xx_hal_cortex.o
 .text.__NVIC_EnableIRQ
                0x08009220       0x3c ./libraries/STM32F4xx_HAL_Driver/Src/stm32f4xx_hal_cortex.o
 .text.__NVIC_DisableIRQ
                0x0800925c       0x44 ./libraries/STM32F4xx_HAL_Driver/Src/stm32f4xx_hal_cortex.o
 .text.__NVIC_SetPriority
                0x080092a0       0x54 ./libraries/STM32F4xx_HAL_Driver/Src/stm32f4xx_hal_cortex.o
 .text.NVIC_EncodePriority
                0x080092f4       0x64 ./libraries/STM32F4xx_HAL_Driver/Src/stm32f4xx_hal_cortex.o
 .text.SysTick_Config
                0x08009358       0x44 ./libraries/STM32F4xx_HAL_Driver/Src/stm32f4xx_hal_cortex.o
 .text.HAL_NVIC_SetPriorityGrouping
                0x0800939c       0x18 ./libraries/STM32F4xx_HAL_Driver/Src/stm32f4xx_hal_cortex.o
                0x0800939c                HAL_NVIC_SetPriorityGrouping
 .text.HAL_NVIC_SetPriority
                0x080093b4       0x38 ./libraries/STM32F4xx_HAL_Driver/Src/stm32f4xx_hal_cortex.o
                0x080093b4                HAL_NVIC_SetPriority
 .text.HAL_NVIC_EnableIRQ
                0x080093ec       0x1c ./libraries/STM32F4xx_HAL_Driver/Src/stm32f4xx_hal_cortex.o
                0x080093ec                HAL_NVIC_EnableIRQ
 .text.HAL_NVIC_DisableIRQ
                0x08009408       0x1c ./libraries/STM32F4xx_HAL_Driver/Src/stm32f4xx_hal_cortex.o
                0x08009408                HAL_NVIC_DisableIRQ
 .text.HAL_SYSTICK_Config
                0x08009424       0x18 ./libraries/STM32F4xx_HAL_Driver/Src/stm32f4xx_hal_cortex.o
                0x08009424                HAL_SYSTICK_Config
 .text.HAL_SYSTICK_CLKSourceConfig
                0x0800943c       0x38 ./libraries/STM32F4xx_HAL_Driver/Src/stm32f4xx_hal_cortex.o
                0x0800943c                HAL_SYSTICK_CLKSourceConfig
 .text.HAL_DMA_Start_IT
                0x08009474       0xc0 ./libraries/STM32F4xx_HAL_Driver/Src/stm32f4xx_hal_dma.o
                0x08009474                HAL_DMA_Start_IT
 .text.DMA_SetConfig
                0x08009534       0x5c ./libraries/STM32F4xx_HAL_Driver/Src/stm32f4xx_hal_dma.o
 .text.HAL_GPIO_Init
                0x08009590      0x354 ./libraries/STM32F4xx_HAL_Driver/Src/stm32f4xx_hal_gpio.o
                0x08009590                HAL_GPIO_Init
 .text.HAL_GPIO_DeInit
                0x080098e4      0x218 ./libraries/STM32F4xx_HAL_Driver/Src/stm32f4xx_hal_gpio.o
                0x080098e4                HAL_GPIO_DeInit
 .text.HAL_GPIO_ReadPin
                0x08009afc       0x30 ./libraries/STM32F4xx_HAL_Driver/Src/stm32f4xx_hal_gpio.o
                0x08009afc                HAL_GPIO_ReadPin
 .text.HAL_GPIO_WritePin
                0x08009b2c       0x34 ./libraries/STM32F4xx_HAL_Driver/Src/stm32f4xx_hal_gpio.o
                0x08009b2c                HAL_GPIO_WritePin
 .text.HAL_GPIO_EXTI_IRQHandler
                0x08009b60       0x30 ./libraries/STM32F4xx_HAL_Driver/Src/stm32f4xx_hal_gpio.o
                0x08009b60                HAL_GPIO_EXTI_IRQHandler
 .text.HAL_PWREx_EnableOverDrive
                0x08009b90       0x9c ./libraries/STM32F4xx_HAL_Driver/Src/stm32f4xx_hal_pwr_ex.o
                0x08009b90                HAL_PWREx_EnableOverDrive
 .text.HAL_RCC_OscConfig
                0x08009c2c      0x480 ./libraries/STM32F4xx_HAL_Driver/Src/stm32f4xx_hal_rcc.o
                0x08009c2c                HAL_RCC_OscConfig
 .text.HAL_RCC_ClockConfig
                0x0800a0ac      0x1c4 ./libraries/STM32F4xx_HAL_Driver/Src/stm32f4xx_hal_rcc.o
                0x0800a0ac                HAL_RCC_ClockConfig
 .text.HAL_RCC_GetSysClockFreq
                0x0800a270      0x140 ./libraries/STM32F4xx_HAL_Driver/Src/stm32f4xx_hal_rcc.o
                0x0800a270                HAL_RCC_GetSysClockFreq
 .text.HAL_RCC_GetHCLKFreq
                0x0800a3b0       0x18 ./libraries/STM32F4xx_HAL_Driver/Src/stm32f4xx_hal_rcc.o
                0x0800a3b0                HAL_RCC_GetHCLKFreq
 .text.HAL_RCC_GetPCLK1Freq
                0x0800a3c8       0x28 ./libraries/STM32F4xx_HAL_Driver/Src/stm32f4xx_hal_rcc.o
                0x0800a3c8                HAL_RCC_GetPCLK1Freq
 .text.HAL_RCC_GetPCLK2Freq
                0x0800a3f0       0x28 ./libraries/STM32F4xx_HAL_Driver/Src/stm32f4xx_hal_rcc.o
                0x0800a3f0                HAL_RCC_GetPCLK2Freq
 .text.HAL_UART_Init
                0x0800a418       0x9c ./libraries/STM32F4xx_HAL_Driver/Src/stm32f4xx_hal_uart.o
                0x0800a418                HAL_UART_Init
 .text.HAL_UART_MspInit
                0x0800a4b4       0x14 ./libraries/STM32F4xx_HAL_Driver/Src/stm32f4xx_hal_uart.o
                0x0800a4b4                HAL_UART_MspInit
 .text.HAL_UART_Transmit_DMA
                0x0800a4c8       0xd8 ./libraries/STM32F4xx_HAL_Driver/Src/stm32f4xx_hal_uart.o
                0x0800a4c8                HAL_UART_Transmit_DMA
 .text.HAL_UART_TxCpltCallback
                0x0800a5a0       0x14 ./libraries/STM32F4xx_HAL_Driver/Src/stm32f4xx_hal_uart.o
                0x0800a5a0                HAL_UART_TxCpltCallback
 .text.HAL_UART_TxHalfCpltCallback
                0x0800a5b4       0x14 ./libraries/STM32F4xx_HAL_Driver/Src/stm32f4xx_hal_uart.o
                0x0800a5b4                HAL_UART_TxHalfCpltCallback
 .text.HAL_UART_ErrorCallback
                0x0800a5c8       0x14 ./libraries/STM32F4xx_HAL_Driver/Src/stm32f4xx_hal_uart.o
                0x0800a5c8                HAL_UART_ErrorCallback
 .text.UART_DMATransmitCplt
                0x0800a5dc       0x54 ./libraries/STM32F4xx_HAL_Driver/Src/stm32f4xx_hal_uart.o
 .text.UART_DMATxHalfCplt
                0x0800a630       0x1c ./libraries/STM32F4xx_HAL_Driver/Src/stm32f4xx_hal_uart.o
 .text.UART_DMAError
                0x0800a64c       0x94 ./libraries/STM32F4xx_HAL_Driver/Src/stm32f4xx_hal_uart.o
 .text.UART_EndTxTransfer
                0x0800a6e0       0x2c ./libraries/STM32F4xx_HAL_Driver/Src/stm32f4xx_hal_uart.o
 .text.UART_EndRxTransfer
                0x0800a70c       0x3c ./libraries/STM32F4xx_HAL_Driver/Src/stm32f4xx_hal_uart.o
 .text.UART_SetConfig
                0x0800a748      0x414 ./libraries/STM32F4xx_HAL_Driver/Src/stm32f4xx_hal_uart.o
 .text.Reset_Handler
                0x0800ab5c       0x4c ./libraries/CMSIS/Device/ST/STM32F4xx/Source/Templates/gcc/startup_stm32f429xx.o
                0x0800ab5c                Reset_Handler
 .text.Default_Handler
                0x0800aba8        0x2 ./libraries/CMSIS/Device/ST/STM32F4xx/Source/Templates/gcc/startup_stm32f429xx.o
                0x0800aba8                RTC_Alarm_IRQHandler
                0x0800aba8                HASH_RNG_IRQHandler
                0x0800aba8                TIM8_CC_IRQHandler
                0x0800aba8                DebugMon_Handler
                0x0800aba8                UART8_IRQHandler
                0x0800aba8                SPI4_IRQHandler
                0x0800aba8                TIM1_CC_IRQHandler
                0x0800aba8                DMA2_Stream5_IRQHandler
                0x0800aba8                DMA1_Stream5_IRQHandler
                0x0800aba8                PVD_IRQHandler
                0x0800aba8                SDIO_IRQHandler
                0x0800aba8                TAMP_STAMP_IRQHandler
                0x0800aba8                NMI_Handler
                0x0800aba8                CAN2_RX1_IRQHandler
                0x0800aba8                TIM8_TRG_COM_TIM14_IRQHandler
                0x0800aba8                TIM1_UP_TIM10_IRQHandler
                0x0800aba8                TIM8_UP_TIM13_IRQHandler
                0x0800aba8                I2C3_ER_IRQHandler
                0x0800aba8                I2C2_EV_IRQHandler
                0x0800aba8                DMA1_Stream2_IRQHandler
                0x0800aba8                FPU_IRQHandler
                0x0800aba8                OTG_HS_WKUP_IRQHandler
                0x0800aba8                UsageFault_Handler
                0x0800aba8                LTDC_ER_IRQHandler
                0x0800aba8                CAN2_SCE_IRQHandler
                0x0800aba8                DMA2_Stream2_IRQHandler
                0x0800aba8                SPI1_IRQHandler
                0x0800aba8                TIM6_DAC_IRQHandler
                0x0800aba8                TIM1_BRK_TIM9_IRQHandler
                0x0800aba8                DCMI_IRQHandler
                0x0800aba8                CAN2_RX0_IRQHandler
                0x0800aba8                DMA2_Stream3_IRQHandler
                0x0800aba8                USART6_IRQHandler
                0x0800aba8                USART3_IRQHandler
                0x0800aba8                UART5_IRQHandler
                0x0800aba8                DMA2_Stream0_IRQHandler
                0x0800aba8                TIM4_IRQHandler
                0x0800aba8                I2C1_EV_IRQHandler
                0x0800aba8                DMA1_Stream6_IRQHandler
                0x0800aba8                DMA1_Stream1_IRQHandler
                0x0800aba8                UART4_IRQHandler
                0x0800aba8                TIM3_IRQHandler
                0x0800aba8                RCC_IRQHandler
                0x0800aba8                TIM8_BRK_TIM12_IRQHandler
                0x0800aba8                Default_Handler
                0x0800aba8                ADC_IRQHandler
                0x0800aba8                DMA1_Stream7_IRQHandler
                0x0800aba8                SPI5_IRQHandler
                0x0800aba8                TIM7_IRQHandler
                0x0800aba8                CAN2_TX_IRQHandler
                0x0800aba8                TIM5_IRQHandler
                0x0800aba8                DMA2_Stream7_IRQHandler
                0x0800aba8                I2C3_EV_IRQHandler
                0x0800aba8                RTC_WKUP_IRQHandler
                0x0800aba8                LTDC_IRQHandler
                0x0800aba8                ETH_WKUP_IRQHandler
                0x0800aba8                SPI2_IRQHandler
                0x0800aba8                OTG_HS_EP1_IN_IRQHandler
                0x0800aba8                MemManage_Handler
                0x0800aba8                DMA1_Stream0_IRQHandler
                0x0800aba8                SVC_Handler
                0x0800aba8                ETH_IRQHandler
                0x0800aba8                OTG_HS_EP1_OUT_IRQHandler
                0x0800aba8                WWDG_IRQHandler
                0x0800aba8                SPI6_IRQHandler
                0x0800aba8                TIM2_IRQHandler
                0x0800aba8                OTG_FS_WKUP_IRQHandler
                0x0800aba8                TIM1_TRG_COM_TIM11_IRQHandler
                0x0800aba8                OTG_HS_IRQHandler
                0x0800aba8                DMA2D_IRQHandler
                0x0800aba8                UART7_IRQHandler
                0x0800aba8                USART2_IRQHandler
                0x0800aba8                I2C2_ER_IRQHandler
                0x0800aba8                DMA2_Stream1_IRQHandler
                0x0800aba8                FLASH_IRQHandler
                0x0800aba8                DMA2_Stream4_IRQHandler
                0x0800aba8                BusFault_Handler
                0x0800aba8                OTG_FS_IRQHandler
                0x0800aba8                SPI3_IRQHandler
                0x0800aba8                DMA1_Stream4_IRQHandler
                0x0800aba8                I2C1_ER_IRQHandler
                0x0800aba8                FMC_IRQHandler
                0x0800aba8                DMA2_Stream6_IRQHandler
                0x0800aba8                SAI1_IRQHandler
                0x0800aba8                DMA1_Stream3_IRQHandler
 *fill*         0x0800abaa        0x2 00000000
 .text.SystemInit
                0x0800abac       0x6c ./libraries/CMSIS/Device/ST/STM32F4xx/Source/Templates/system_stm32f4xx.o
                0x0800abac                SystemInit
 .text.rt_hw_board_init
                0x0800ac18       0x34 ./drivers/board.o
                0x0800ac18                rt_hw_board_init
 .text.__NVIC_DisableIRQ
                0x0800ac4c       0x44 ./drivers/drv_can.o
 .text.get_can_baud_index
                0x0800ac90       0x44 ./drivers/drv_can.o
 .text._can_config
                0x0800acd4      0x150 ./drivers/drv_can.o
 .text._can_control
                0x0800ae24      0x628 ./drivers/drv_can.o
 .text._can_sendmsg
                0x0800b44c      0x274 ./drivers/drv_can.o
 .text._can_recvmsg
                0x0800b6c0      0x110 ./drivers/drv_can.o
 .text._can_rx_isr
                0x0800b7d0      0x154 ./drivers/drv_can.o
 .text.CAN1_TX_IRQHandler
                0x0800b924       0xe8 ./drivers/drv_can.o
                0x0800b924                CAN1_TX_IRQHandler
 .text.CAN1_RX0_IRQHandler
                0x0800ba0c       0x1c ./drivers/drv_can.o
                0x0800ba0c                CAN1_RX0_IRQHandler
 .text.CAN1_RX1_IRQHandler
                0x0800ba28       0x1c ./drivers/drv_can.o
                0x0800ba28                CAN1_RX1_IRQHandler
 .text.CAN1_SCE_IRQHandler
                0x0800ba44      0x140 ./drivers/drv_can.o
                0x0800ba44                CAN1_SCE_IRQHandler
 .text.HAL_CAN_ErrorCallback
                0x0800bb84       0x28 ./drivers/drv_can.o
                0x0800bb84                HAL_CAN_ErrorCallback
 .text.rt_hw_can_init
                0x0800bbac       0xb8 ./drivers/drv_can.o
                0x0800bbac                rt_hw_can_init
 .text.system_clock_config
                0x0800bc64       0xf4 ./drivers/drv_clk.o
                0x0800bc64                system_clock_config
 .text.clock_information
                0x0800bd58       0x10 ./drivers/drv_clk.o
                0x0800bd58                clock_information
 .text.clk_init
                0x0800bd68       0x1c ./drivers/drv_clk.o
                0x0800bd68                clk_init
 .text.reboot   0x0800bd84       0x18 ./drivers/drv_common.o
 .text.rt_hw_systick_init
                0x0800bd9c       0x34 ./drivers/drv_common.o
                0x0800bd9c                rt_hw_systick_init
 .text.SysTick_Handler
                0x0800bdd0       0x18 ./drivers/drv_common.o
                0x0800bdd0                SysTick_Handler
 .text.HAL_GetTick
                0x0800bde8       0x24 ./drivers/drv_common.o
                0x0800bde8                HAL_GetTick
 .text.HAL_InitTick
                0x0800be0c       0x18 ./drivers/drv_common.o
                0x0800be0c                HAL_InitTick
 .text._Error_Handler
                0x0800be24        0xc ./drivers/drv_common.o
                0x0800be24                _Error_Handler
 .text.hw_board_init
                0x0800be30       0x44 ./drivers/drv_common.o
                0x0800be30                hw_board_init
 .text.get_pin  0x0800be74       0x48 ./drivers/drv_gpio.o
 .text.stm32_pin_write
                0x0800bebc       0x3c ./drivers/drv_gpio.o
 .text.stm32_pin_read
                0x0800bef8       0x44 ./drivers/drv_gpio.o
 .text.stm32_pin_mode
                0x0800bf3c       0x98 ./drivers/drv_gpio.o
 .text.bit2bitno
                0x0800bfd4       0x40 ./drivers/drv_gpio.o
 .text.get_pin_irq_map
                0x0800c014       0x34 ./drivers/drv_gpio.o
 .text.stm32_pin_attach_irq
                0x0800c048      0x148 ./drivers/drv_gpio.o
 .text.stm32_pin_dettach_irq
                0x0800c190       0xd0 ./drivers/drv_gpio.o
 .text.stm32_pin_irq_enable
                0x0800c260      0x1e0 ./drivers/drv_gpio.o
 .text.pin_irq_hdr
                0x0800c440       0x54 ./drivers/drv_gpio.o
 .text.HAL_GPIO_EXTI_Callback
                0x0800c494       0x24 ./drivers/drv_gpio.o
                0x0800c494                HAL_GPIO_EXTI_Callback
 .text.EXTI0_IRQHandler
                0x0800c4b8       0x18 ./drivers/drv_gpio.o
                0x0800c4b8                EXTI0_IRQHandler
 .text.EXTI1_IRQHandler
                0x0800c4d0       0x18 ./drivers/drv_gpio.o
                0x0800c4d0                EXTI1_IRQHandler
 .text.EXTI2_IRQHandler
                0x0800c4e8       0x18 ./drivers/drv_gpio.o
                0x0800c4e8                EXTI2_IRQHandler
 .text.EXTI3_IRQHandler
                0x0800c500       0x18 ./drivers/drv_gpio.o
                0x0800c500                EXTI3_IRQHandler
 .text.EXTI4_IRQHandler
                0x0800c518       0x18 ./drivers/drv_gpio.o
                0x0800c518                EXTI4_IRQHandler
 .text.EXTI9_5_IRQHandler
                0x0800c530       0x34 ./drivers/drv_gpio.o
                0x0800c530                EXTI9_5_IRQHandler
 .text.EXTI15_10_IRQHandler
                0x0800c564       0x40 ./drivers/drv_gpio.o
                0x0800c564                EXTI15_10_IRQHandler
 .text.rt_hw_pin_init
                0x0800c5a4      0x15c ./drivers/drv_gpio.o
                0x0800c5a4                rt_hw_pin_init
 .text.__NVIC_EnableIRQ
                0x0800c700       0x3c ./drivers/drv_usart.o
 .text.__NVIC_DisableIRQ
                0x0800c73c       0x44 ./drivers/drv_usart.o
 .text.stm32_uart_clk_enable
                0x0800c780       0x50 ./drivers/drv_usart.o
 .text.stm32_gpio_clk_enable
                0x0800c7d0      0x264 ./drivers/drv_usart.o
 .text.up_char  0x0800ca34       0x34 ./drivers/drv_usart.o
 .text.get_pin_by_name
                0x0800ca68       0x58 ./drivers/drv_usart.o
 .text.stm32_gpio_configure
                0x0800cac0       0xb0 ./drivers/drv_usart.o
 .text.stm32_configure
                0x0800cb70      0x12c ./drivers/drv_usart.o
 .text.stm32_control
                0x0800cc9c       0x80 ./drivers/drv_usart.o
 .text.stm32_putc
                0x0800cd1c       0x58 ./drivers/drv_usart.o
 .text.stm32_getc
                0x0800cd74       0x50 ./drivers/drv_usart.o
 .text.stm32_dma_transmit
                0x0800cdc4       0x64 ./drivers/drv_usart.o
 .text.uart_isr
                0x0800ce28      0x160 ./drivers/drv_usart.o
 .text.USART1_IRQHandler
                0x0800cf88       0x1c ./drivers/drv_usart.o
                0x0800cf88                USART1_IRQHandler
 .text.stm32_uart_get_dma_config
                0x0800cfa4       0x1c ./drivers/drv_usart.o
 .text.rt_hw_usart_init
                0x0800cfc0       0xf8 ./drivers/drv_usart.o
                0x0800cfc0                rt_hw_usart_init
 .text.HAL_MspInit
                0x0800d0b8       0x10 ./drivers/stm32f4xx_hal_msp.o
                0x0800d0b8                HAL_MspInit
 .text.main     0x0800d0c8       0x50 ./applications/main.o
                0x0800d0c8                main
 .text.atoi     0x0800d118        0x8 e:/rt-threadstudio/repo/extract/toolchain_support_packages/arm/gnu_tools_for_arm_embedded_processors/5.4.1/bin/../lib/gcc/arm-none-eabi/5.4.1/../../../../arm-none-eabi/lib/armv7e-m/fpu\libg.a(lib_a-atoi.o)
                0x0800d118                atoi
 .text.memcmp   0x0800d120       0x64 e:/rt-threadstudio/repo/extract/toolchain_support_packages/arm/gnu_tools_for_arm_embedded_processors/5.4.1/bin/../lib/gcc/arm-none-eabi/5.4.1/../../../../arm-none-eabi/lib/armv7e-m/fpu\libg.a(lib_a-memcmp.o)
                0x0800d120                memcmp
 .text.memset   0x0800d184       0x9c e:/rt-threadstudio/repo/extract/toolchain_support_packages/arm/gnu_tools_for_arm_embedded_processors/5.4.1/bin/../lib/gcc/arm-none-eabi/5.4.1/../../../../arm-none-eabi/lib/armv7e-m/fpu\libg.a(lib_a-memset.o)
                0x0800d184                memset
 .text.strncmp  0x0800d220       0xa0 e:/rt-threadstudio/repo/extract/toolchain_support_packages/arm/gnu_tools_for_arm_embedded_processors/5.4.1/bin/../lib/gcc/arm-none-eabi/5.4.1/../../../../arm-none-eabi/lib/armv7e-m/fpu\libg.a(lib_a-strncmp.o)
                0x0800d220                strncmp
 .text.strncpy  0x0800d2c0       0x68 e:/rt-threadstudio/repo/extract/toolchain_support_packages/arm/gnu_tools_for_arm_embedded_processors/5.4.1/bin/../lib/gcc/arm-none-eabi/5.4.1/../../../../arm-none-eabi/lib/armv7e-m/fpu\libg.a(lib_a-strncpy.o)
                0x0800d2c0                strncpy
 .text._strtol_l.isra.0
                0x0800d328      0x138 e:/rt-threadstudio/repo/extract/toolchain_support_packages/arm/gnu_tools_for_arm_embedded_processors/5.4.1/bin/../lib/gcc/arm-none-eabi/5.4.1/../../../../arm-none-eabi/lib/armv7e-m/fpu\libg.a(lib_a-strtol.o)
 .text.strtol   0x0800d460       0x2c e:/rt-threadstudio/repo/extract/toolchain_support_packages/arm/gnu_tools_for_arm_embedded_processors/5.4.1/bin/../lib/gcc/arm-none-eabi/5.4.1/../../../../arm-none-eabi/lib/armv7e-m/fpu\libg.a(lib_a-strtol.o)
                0x0800d460                strtol
 .text.startup.register_fini
                0x0800d48c       0x14 e:/rt-threadstudio/repo/extract/toolchain_support_packages/arm/gnu_tools_for_arm_embedded_processors/5.4.1/bin/../lib/gcc/arm-none-eabi/5.4.1/../../../../arm-none-eabi/lib/armv7e-m/fpu\libg.a(lib_a-__call_atexit.o)
 .text.atexit   0x0800d4a0        0xc e:/rt-threadstudio/repo/extract/toolchain_support_packages/arm/gnu_tools_for_arm_embedded_processors/5.4.1/bin/../lib/gcc/arm-none-eabi/5.4.1/../../../../arm-none-eabi/lib/armv7e-m/fpu\libg.a(lib_a-atexit.o)
                0x0800d4a0                atexit
 .text.__libc_fini_array
                0x0800d4ac       0x28 e:/rt-threadstudio/repo/extract/toolchain_support_packages/arm/gnu_tools_for_arm_embedded_processors/5.4.1/bin/../lib/gcc/arm-none-eabi/5.4.1/../../../../arm-none-eabi/lib/armv7e-m/fpu\libg.a(lib_a-fini.o)
                0x0800d4ac                __libc_fini_array
 .text.__locale_ctype_ptr_l
                0x0800d4d4        0x8 e:/rt-threadstudio/repo/extract/toolchain_support_packages/arm/gnu_tools_for_arm_embedded_processors/5.4.1/bin/../lib/gcc/arm-none-eabi/5.4.1/../../../../arm-none-eabi/lib/armv7e-m/fpu\libg.a(lib_a-locale.o)
                0x0800d4d4                __locale_ctype_ptr_l
 .text.__ascii_mbtowc
                0x0800d4dc       0x2c e:/rt-threadstudio/repo/extract/toolchain_support_packages/arm/gnu_tools_for_arm_embedded_processors/5.4.1/bin/../lib/gcc/arm-none-eabi/5.4.1/../../../../arm-none-eabi/lib/armv7e-m/fpu\libg.a(lib_a-mbtowc_r.o)
                0x0800d4dc                __ascii_mbtowc
 .text.__ascii_wctomb
                0x0800d508       0x1c e:/rt-threadstudio/repo/extract/toolchain_support_packages/arm/gnu_tools_for_arm_embedded_processors/5.4.1/bin/../lib/gcc/arm-none-eabi/5.4.1/../../../../arm-none-eabi/lib/armv7e-m/fpu\libg.a(lib_a-wctomb_r.o)
                0x0800d508                __ascii_wctomb
 .text.__register_exitproc
                0x0800d524       0xa4 e:/rt-threadstudio/repo/extract/toolchain_support_packages/arm/gnu_tools_for_arm_embedded_processors/5.4.1/bin/../lib/gcc/arm-none-eabi/5.4.1/../../../../arm-none-eabi/lib/armv7e-m/fpu\libg.a(lib_a-__atexit.o)
                0x0800d524                __register_exitproc
 *(.rodata)
 .rodata        0x0800d5c8       0x17 ./rt-thread/src/components.o
 *fill*         0x0800d5df        0x1 00000000
 .rodata        0x0800d5e0       0xf4 ./rt-thread/src/device.o
 .rodata        0x0800d6d4       0x34 ./rt-thread/src/idle.o
 .rodata        0x0800d708      0x392 ./rt-thread/src/ipc.o
 *fill*         0x0800da9a        0x2 00000000
 .rodata        0x0800da9c       0xc7 ./rt-thread/src/kservice.o
 *fill*         0x0800db63        0x1 00000000
 .rodata        0x0800db64      0x2fa ./rt-thread/src/mem.o
 *fill*         0x0800de5e        0x2 00000000
 .rodata        0x0800de60       0x91 ./rt-thread/src/object.o
 *fill*         0x0800def1        0x3 00000000
 .rodata        0x0800def4       0x65 ./rt-thread/src/scheduler.o
 *fill*         0x0800df59        0x3 00000000
 .rodata        0x0800df5c      0x19e ./rt-thread/src/thread.o
 *fill*         0x0800e0fa        0x2 00000000
 .rodata        0x0800e0fc       0xd7 ./rt-thread/src/timer.o
 *fill*         0x0800e1d3        0x1 00000000
 .rodata        0x0800e1d4      0x2ce ./rt-thread/libcpu/arm/cortex-m4/cpuport.o
 *fill*         0x0800e4a2        0x2 00000000
 .rodata        0x0800e4a4      0x5dd ./rt-thread/components/finsh/cmd.o
 *fill*         0x0800ea81        0x3 00000000
 .rodata        0x0800ea84       0x80 ./rt-thread/components/finsh/msh.o
 .rodata        0x0800eb04       0x99 ./rt-thread/components/finsh/shell.o
 *fill*         0x0800eb9d        0x3 00000000
 .rodata        0x0800eba0       0x72 ./rt-thread/components/drivers/src/completion.o
 *fill*         0x0800ec12        0x2 00000000
 .rodata        0x0800ec14       0xd7 ./rt-thread/components/drivers/serial/serial.o
 *fill*         0x0800eceb        0x1 00000000
 .rodata        0x0800ecec       0x37 ./rt-thread/components/drivers/misc/pin.o
 *fill*         0x0800ed23        0x1 00000000
 .rodata        0x0800ed24      0x342 ./rt-thread/components/drivers/can/can.o
 *fill*         0x0800f066        0x2 00000000
 .rodata        0x0800f068        0xa ./drivers/board.o
 *fill*         0x0800f072        0x2 00000000
 .rodata        0x0800f074       0x6f ./drivers/drv_can.o
 *fill*         0x0800f0e3        0x1 00000000
 .rodata        0x0800f0e4       0x15 ./drivers/drv_clk.o
 *fill*         0x0800f0f9        0x3 00000000
 .rodata        0x0800f0fc        0x4 ./drivers/drv_gpio.o
 .rodata        0x0800f100       0x70 ./drivers/drv_usart.o
 *(.rodata*)
 .rodata.__FUNCTION__.5615
                0x0800f170       0x14 ./rt-thread/src/components.o
 .rodata.__FUNCTION__.5524
                0x0800f184        0xf ./rt-thread/src/device.o
 *fill*         0x0800f193        0x1 00000000
 .rodata.__FUNCTION__.5529
                0x0800f194       0x10 ./rt-thread/src/device.o
 .rodata.__FUNCTION__.5536
                0x0800f1a4        0xf ./rt-thread/src/device.o
 *fill*         0x0800f1b3        0x1 00000000
 .rodata.__FUNCTION__.5543
                0x0800f1b4       0x10 ./rt-thread/src/device.o
 .rodata.__FUNCTION__.5549
                0x0800f1c4       0x12 ./rt-thread/src/device.o
 *fill*         0x0800f1d6        0x2 00000000
 .rodata.__FUNCTION__.5556
                0x0800f1d8       0x1a ./rt-thread/src/device.o
 *fill*         0x0800f1f2        0x2 00000000
 .rodata.__FUNCTION__.5596
                0x0800f1f4       0x16 ./rt-thread/src/idle.o
 *fill*         0x0800f20a        0x2 00000000
 .rodata.__FUNCTION__.5598
                0x0800f20c        0xc ./rt-thread/src/ipc.o
 .rodata.__FUNCTION__.5602
                0x0800f218        0xe ./rt-thread/src/ipc.o
 *fill*         0x0800f226        0x2 00000000
 .rodata.__FUNCTION__.5622
                0x0800f228        0xc ./rt-thread/src/ipc.o
 .rodata.__FUNCTION__.5633
                0x0800f234        0xf ./rt-thread/src/ipc.o
 *fill*         0x0800f243        0x1 00000000
 .rodata.__FUNCTION__.5647
                0x0800f244        0xe ./rt-thread/src/ipc.o
 *fill*         0x0800f252        0x2 00000000
 .rodata.__FUNCTION__.5671
                0x0800f254        0xe ./rt-thread/src/ipc.o
 *fill*         0x0800f262        0x2 00000000
 .rodata.__FUNCTION__.5679
                0x0800f264       0x11 ./rt-thread/src/ipc.o
 *fill*         0x0800f275        0x3 00000000
 .rodata.large_digits.5737
                0x0800f278       0x11 ./rt-thread/src/kservice.o
 *fill*         0x0800f289        0x3 00000000
 .rodata.small_digits.5736
                0x0800f28c       0x11 ./rt-thread/src/kservice.o
 *fill*         0x0800f29d        0x3 00000000
 .rodata.name   0x0800f2a0       0x2a ./rt-thread/src/mem.o
                0x0800f2a0                __fsym_list_mem_name
                0x0800f2ac                __fsym_list_mem_desc
 *fill*         0x0800f2ca        0x2 00000000
 .rodata.__FUNCTION__.5580
                0x0800f2cc        0xb ./rt-thread/src/mem.o
 *fill*         0x0800f2d7        0x1 00000000
 .rodata.__FUNCTION__.5589
                0x0800f2d8       0x14 ./rt-thread/src/mem.o
 .rodata.__FUNCTION__.5598
                0x0800f2ec        0xa ./rt-thread/src/mem.o
 *fill*         0x0800f2f6        0x2 00000000
 .rodata.__FUNCTION__.5627
                0x0800f2f8        0x8 ./rt-thread/src/mem.o
 .rodata.__FUNCTION__.5612
                0x0800f300        0xf ./rt-thread/src/object.o
 *fill*         0x0800f30f        0x1 00000000
 .rodata.__FUNCTION__.5621
                0x0800f310       0x11 ./rt-thread/src/object.o
 *fill*         0x0800f321        0x3 00000000
 .rodata.__FUNCTION__.5630
                0x0800f324       0x13 ./rt-thread/src/object.o
 *fill*         0x0800f337        0x1 00000000
 .rodata.__FUNCTION__.5635
                0x0800f338       0x11 ./rt-thread/src/object.o
 *fill*         0x0800f349        0x3 00000000
 .rodata.__FUNCTION__.5639
                0x0800f34c       0x1a ./rt-thread/src/object.o
 *fill*         0x0800f366        0x2 00000000
 .rodata.__FUNCTION__.5643
                0x0800f368       0x13 ./rt-thread/src/object.o
 *fill*         0x0800f37b        0x1 00000000
 .rodata.__FUNCTION__.5652
                0x0800f37c        0xf ./rt-thread/src/object.o
 *fill*         0x0800f38b        0x1 00000000
 .rodata.__FUNCTION__.5573
                0x0800f38c       0x1a ./rt-thread/src/scheduler.o
 *fill*         0x0800f3a6        0x2 00000000
 .rodata.__FUNCTION__.5611
                0x0800f3a8       0x1a ./rt-thread/src/scheduler.o
 *fill*         0x0800f3c2        0x2 00000000
 .rodata.__FUNCTION__.5617
                0x0800f3c4       0x1a ./rt-thread/src/scheduler.o
 *fill*         0x0800f3de        0x2 00000000
 .rodata.__FUNCTION__.5584
                0x0800f3e0       0x10 ./rt-thread/src/thread.o
 .rodata.__FUNCTION__.5596
                0x0800f3f0        0xf ./rt-thread/src/thread.o
 *fill*         0x0800f3ff        0x1 00000000
 .rodata.__FUNCTION__.5605
                0x0800f400       0x12 ./rt-thread/src/thread.o
 *fill*         0x0800f412        0x2 00000000
 .rodata.__FUNCTION__.5610
                0x0800f414       0x11 ./rt-thread/src/thread.o
 *fill*         0x0800f425        0x3 00000000
 .rodata.__FUNCTION__.5626
                0x0800f428       0x11 ./rt-thread/src/thread.o
 *fill*         0x0800f439        0x3 00000000
 .rodata.__FUNCTION__.5637
                0x0800f43c       0x10 ./rt-thread/src/thread.o
 .rodata.__FUNCTION__.5658
                0x0800f44c       0x12 ./rt-thread/src/thread.o
 *fill*         0x0800f45e        0x2 00000000
 .rodata.__FUNCTION__.5669
                0x0800f460       0x12 ./rt-thread/src/thread.o
 *fill*         0x0800f472        0x2 00000000
 .rodata.__FUNCTION__.5674
                0x0800f474       0x11 ./rt-thread/src/thread.o
 *fill*         0x0800f485        0x3 00000000
 .rodata.__FUNCTION__.5679
                0x0800f488       0x12 ./rt-thread/src/thread.o
 *fill*         0x0800f49a        0x2 00000000
 .rodata.__FUNCTION__.5598
                0x0800f49c        0xe ./rt-thread/src/timer.o
 *fill*         0x0800f4aa        0x2 00000000
 .rodata.__FUNCTION__.5603
                0x0800f4ac       0x10 ./rt-thread/src/timer.o
 .rodata.__FUNCTION__.5627
                0x0800f4bc        0xf ./rt-thread/src/timer.o
 *fill*         0x0800f4cb        0x1 00000000
 .rodata.__FUNCTION__.5644
                0x0800f4cc        0xe ./rt-thread/src/timer.o
 *fill*         0x0800f4da        0x2 00000000
 .rodata.__FUNCTION__.5651
                0x0800f4dc       0x11 ./rt-thread/src/timer.o
 *fill*         0x0800f4ed        0x3 00000000
 .rodata.name   0x0800f4f0      0x362 ./rt-thread/components/finsh/cmd.o
                0x0800f4f0                __fsym_hello_name
                0x0800f4f8                __fsym_hello_desc
                0x0800f508                __fsym_clear_name
                0x0800f510                __fsym_clear_desc
                0x0800f52c                __fsym___cmd_clear_name
                0x0800f538                __fsym___cmd_clear_desc
                0x0800f554                __fsym_version_name
                0x0800f55c                __fsym_version_desc
                0x0800f580                __fsym___cmd_version_name
                0x0800f590                __fsym___cmd_version_desc
                0x0800f5b4                __fsym_list_thread_name
                0x0800f5c0                __fsym_list_thread_desc
                0x0800f5cc                __fsym___cmd_list_thread_name
                0x0800f5e0                __fsym___cmd_list_thread_desc
                0x0800f5ec                __fsym_list_sem_name
                0x0800f5f8                __fsym_list_sem_desc
                0x0800f614                __fsym___cmd_list_sem_name
                0x0800f624                __fsym___cmd_list_sem_desc
                0x0800f640                __fsym_list_event_name
                0x0800f64c                __fsym_list_event_desc
                0x0800f664                __fsym___cmd_list_event_name
                0x0800f678                __fsym___cmd_list_event_desc
                0x0800f690                __fsym_list_mutex_name
                0x0800f69c                __fsym_list_mutex_desc
                0x0800f6b4                __fsym___cmd_list_mutex_name
                0x0800f6c8                __fsym___cmd_list_mutex_desc
                0x0800f6e0                __fsym_list_mailbox_name
                0x0800f6f0                __fsym_list_mailbox_desc
                0x0800f708                __fsym___cmd_list_mailbox_name
                0x0800f71c                __fsym___cmd_list_mailbox_desc
                0x0800f734                __fsym_list_mempool_name
                0x0800f744                __fsym_list_mempool_desc
                0x0800f760                __fsym___cmd_list_mempool_name
                0x0800f774                __fsym___cmd_list_mempool_desc
                0x0800f790                __fsym_list_timer_name
                0x0800f79c                __fsym_list_timer_desc
                0x0800f7b4                __fsym___cmd_list_timer_name
                0x0800f7c8                __fsym___cmd_list_timer_desc
                0x0800f7e0                __fsym_list_device_name
                0x0800f7ec                __fsym_list_device_desc
                0x0800f804                __fsym___cmd_list_device_name
                0x0800f818                __fsym___cmd_list_device_desc
                0x0800f830                __fsym_list_name
                0x0800f838                __fsym_list_desc
 *fill*         0x0800f852        0x2 00000000
 .rodata.device_type_str
                0x0800f854       0x5c ./rt-thread/components/finsh/cmd.o
 .rodata.name   0x0800f8b0       0x7d ./rt-thread/components/finsh/msh.o
                0x0800f8b0                __fsym___cmd_help_name
                0x0800f8bc                __fsym___cmd_help_desc
                0x0800f8d4                __fsym___cmd_ps_name
                0x0800f8e0                __fsym___cmd_ps_desc
                0x0800f8fc                __fsym___cmd_free_name
                0x0800f908                __fsym___cmd_free_desc
 *fill*         0x0800f92d        0x3 00000000
 .rodata.__FUNCTION__.7110
                0x0800f930        0xe ./rt-thread/components/finsh/msh.o
 *fill*         0x0800f93e        0x2 00000000
 .rodata.__FUNCTION__.7117
                0x0800f940       0x16 ./rt-thread/components/finsh/shell.o
 *fill*         0x0800f956        0x2 00000000
 .rodata.__FUNCTION__.7122
                0x0800f958        0xe ./rt-thread/components/finsh/shell.o
 *fill*         0x0800f966        0x2 00000000
 .rodata.__FUNCTION__.7130
                0x0800f968        0xd ./rt-thread/components/finsh/shell.o
 *fill*         0x0800f975        0x3 00000000
 .rodata.__FUNCTION__.7135
                0x0800f978       0x11 ./rt-thread/components/finsh/shell.o
 *fill*         0x0800f989        0x3 00000000
 .rodata.__FUNCTION__.6104
                0x0800f98c       0x13 ./rt-thread/components/drivers/src/completion.o
 *fill*         0x0800f99f        0x1 00000000
 .rodata.__FUNCTION__.6112
                0x0800f9a0       0x13 ./rt-thread/components/drivers/src/completion.o
 *fill*         0x0800f9b3        0x1 00000000
 .rodata.__FUNCTION__.6119
                0x0800f9b4       0x13 ./rt-thread/components/drivers/src/completion.o
 *fill*         0x0800f9c7        0x1 00000000
 .rodata.__FUNCTION__.6154
                0x0800f9c8        0xf ./rt-thread/components/drivers/serial/serial.o
 *fill*         0x0800f9d7        0x1 00000000
 .rodata.__FUNCTION__.6161
                0x0800f9d8        0xf ./rt-thread/components/drivers/serial/serial.o
 *fill*         0x0800f9e7        0x1 00000000
 .rodata.__FUNCTION__.6168
                0x0800f9e8       0x10 ./rt-thread/components/drivers/serial/serial.o
 .rodata.__FUNCTION__.6178
                0x0800f9f8        0xf ./rt-thread/components/drivers/serial/serial.o
 *fill*         0x0800fa07        0x1 00000000
 .rodata.__FUNCTION__.6128
                0x0800fa08        0xf ./rt-thread/components/drivers/serial/serial.o
 *fill*         0x0800fa17        0x1 00000000
 .rodata.__FUNCTION__.6107
                0x0800fa18       0x10 ./rt-thread/components/drivers/serial/serial.o
 .rodata.__FUNCTION__.6186
                0x0800fa28       0x10 ./rt-thread/components/drivers/serial/serial.o
 .rodata.__FUNCTION__.6141
                0x0800fa38        0xf ./rt-thread/components/drivers/serial/serial.o
 *fill*         0x0800fa47        0x1 00000000
 .rodata.__FUNCTION__.6117
                0x0800fa48       0x10 ./rt-thread/components/drivers/serial/serial.o
 .rodata.__FUNCTION__.6194
                0x0800fa58       0x12 ./rt-thread/components/drivers/serial/serial.o
 *fill*         0x0800fa6a        0x2 00000000
 .rodata.__FUNCTION__.6209
                0x0800fa6c       0x16 ./rt-thread/components/drivers/serial/serial.o
 *fill*         0x0800fa82        0x2 00000000
 .rodata.__FUNCTION__.6218
                0x0800fa84       0x11 ./rt-thread/components/drivers/serial/serial.o
 *fill*         0x0800fa95        0x3 00000000
 .rodata.name   0x0800fa98       0x99 ./rt-thread/components/drivers/misc/pin.o
                0x0800fa98                __fsym_pinMode_name
                0x0800faa0                __fsym_pinMode_desc
                0x0800fab8                __fsym_pinWrite_name
                0x0800fac4                __fsym_pinWrite_desc
                0x0800fae0                __fsym_pinRead_name
                0x0800fae8                __fsym_pinRead_desc
                0x0800fb08                __fsym_pinGet_name
                0x0800fb10                __fsym_pinGet_desc
 *fill*         0x0800fb31        0x3 00000000
 .rodata.__FUNCTION__.7521
                0x0800fb34        0xa ./rt-thread/components/drivers/misc/pin.o
 *fill*         0x0800fb3e        0x2 00000000
 .rodata.__FUNCTION__.7530
                0x0800fb40        0xb ./rt-thread/components/drivers/misc/pin.o
 *fill*         0x0800fb4b        0x1 00000000
 .rodata.__FUNCTION__.7538
                0x0800fb4c        0xd ./rt-thread/components/drivers/misc/pin.o
 *fill*         0x0800fb59        0x3 00000000
 .rodata.__FUNCTION__.7565
                0x0800fb5c        0xc ./rt-thread/components/drivers/misc/pin.o
 .rodata.__FUNCTION__.7573
                0x0800fb68        0xd ./rt-thread/components/drivers/misc/pin.o
 *fill*         0x0800fb75        0x3 00000000
 .rodata.__FUNCTION__.7580
                0x0800fb78        0xc ./rt-thread/components/drivers/misc/pin.o
 .rodata.__FUNCTION__.7587
                0x0800fb84        0xb ./rt-thread/components/drivers/misc/pin.o
 *fill*         0x0800fb8f        0x1 00000000
 .rodata.name   0x0800fb90       0x28 ./rt-thread/components/drivers/can/can.o
                0x0800fb90                __fsym___cmd_canstat_name
                0x0800fba0                __fsym___cmd_canstat_desc
 .rodata.__FUNCTION__.6105
                0x0800fbb8        0xc ./rt-thread/components/drivers/can/can.o
 .rodata.__FUNCTION__.6154
                0x0800fbc4        0xc ./rt-thread/components/drivers/can/can.o
 .rodata.__FUNCTION__.6169
                0x0800fbd0        0xd ./rt-thread/components/drivers/can/can.o
 *fill*         0x0800fbdd        0x3 00000000
 .rodata.__FUNCTION__.6179
                0x0800fbe0        0xc ./rt-thread/components/drivers/can/can.o
 .rodata.__FUNCTION__.6113
                0x0800fbec        0xc ./rt-thread/components/drivers/can/can.o
 .rodata.__FUNCTION__.6187
                0x0800fbf8        0xd ./rt-thread/components/drivers/can/can.o
 *fill*         0x0800fc05        0x3 00000000
 .rodata.__FUNCTION__.6144
                0x0800fc08       0x11 ./rt-thread/components/drivers/can/can.o
 *fill*         0x0800fc19        0x3 00000000
 .rodata.__FUNCTION__.6126
                0x0800fc1c        0xc ./rt-thread/components/drivers/can/can.o
 .rodata.__FUNCTION__.6195
                0x0800fc28        0xf ./rt-thread/components/drivers/can/can.o
 *fill*         0x0800fc37        0x1 00000000
 .rodata.__FUNCTION__.6216
                0x0800fc38        0xb ./rt-thread/components/drivers/can/can.o
 *fill*         0x0800fc43        0x1 00000000
 .rodata.__FUNCTION__.6224
                0x0800fc44       0x13 ./rt-thread/components/drivers/can/can.o
 *fill*         0x0800fc57        0x1 00000000
 .rodata.__FUNCTION__.6238
                0x0800fc58        0xe ./rt-thread/components/drivers/can/can.o
 *fill*         0x0800fc66        0x2 00000000
 .rodata.AHBPrescTable
                0x0800fc68       0x10 ./libraries/CMSIS/Device/ST/STM32F4xx/Source/Templates/system_stm32f4xx.o
                0x0800fc68                AHBPrescTable
 .rodata.APBPrescTable
                0x0800fc78        0x8 ./libraries/CMSIS/Device/ST/STM32F4xx/Source/Templates/system_stm32f4xx.o
                0x0800fc78                APBPrescTable
 .rodata.can_baud_rate_tab
                0x0800fc80       0x48 ./drivers/drv_can.o
 .rodata._can_ops
                0x0800fcc8       0x10 ./drivers/drv_can.o
 .rodata.__FUNCTION__.8442
                0x0800fcd8        0xc ./drivers/drv_can.o
 .rodata.__FUNCTION__.8456
                0x0800fce4        0xd ./drivers/drv_can.o
 *fill*         0x0800fcf1        0x3 00000000
 .rodata.__FUNCTION__.8479
                0x0800fcf4        0xd ./drivers/drv_can.o
 *fill*         0x0800fd01        0x3 00000000
 .rodata.__FUNCTION__.8494
                0x0800fd04        0xd ./drivers/drv_can.o
 *fill*         0x0800fd11        0x3 00000000
 .rodata.__FUNCTION__.8501
                0x0800fd14        0xc ./drivers/drv_can.o
 .rodata.name   0x0800fd20       0x1e ./drivers/drv_common.o
                0x0800fd20                __fsym___cmd_reboot_name
                0x0800fd30                __fsym___cmd_reboot_desc
 *fill*         0x0800fd3e        0x2 00000000
 .rodata.pins   0x0800fd40      0x840 ./drivers/drv_gpio.o
 .rodata.pin_irq_map
                0x08010580       0x40 ./drivers/drv_gpio.o
 .rodata._stm32_pin_ops
                0x080105c0       0x1c ./drivers/drv_gpio.o
 .rodata.stm32_uart_ops
                0x080105dc       0x14 ./drivers/drv_usart.o
 .rodata.__FUNCTION__.9029
                0x080105f0       0x16 ./drivers/drv_usart.o
 *fill*         0x08010606        0x2 00000000
 .rodata.__FUNCTION__.9079
                0x08010608       0x10 ./drivers/drv_usart.o
 .rodata.__FUNCTION__.9099
                0x08010618        0xe ./drivers/drv_usart.o
 *fill*         0x08010626        0x2 00000000
 .rodata.__FUNCTION__.9108
                0x08010628        0xb ./drivers/drv_usart.o
 *fill*         0x08010633        0x1 00000000
 .rodata.__FUNCTION__.9117
                0x08010634        0xb ./drivers/drv_usart.o
 *fill*         0x0801063f        0x1 00000000
 .rodata.__FUNCTION__.9125
                0x08010640       0x13 ./drivers/drv_usart.o
 *fill*         0x08010653        0x1 00000000
 .rodata.__FUNCTION__.9131
                0x08010654        0x9 ./drivers/drv_usart.o
 *fill*         0x0801065d        0x3 00000000
 .rodata.__FUNCTION__.9149
                0x08010660       0x11 ./drivers/drv_usart.o
 *fill*         0x08010671        0x3 00000000
 .rodata._global_impure_ptr
                0x08010674        0x4 e:/rt-threadstudio/repo/extract/toolchain_support_packages/arm/gnu_tools_for_arm_embedded_processors/5.4.1/bin/../lib/gcc/arm-none-eabi/5.4.1/../../../../arm-none-eabi/lib/armv7e-m/fpu\libg.a(lib_a-impure.o)
                0x08010674                _global_impure_ptr
 .rodata.str1.4
                0x08010678       0x14 e:/rt-threadstudio/repo/extract/toolchain_support_packages/arm/gnu_tools_for_arm_embedded_processors/5.4.1/bin/../lib/gcc/arm-none-eabi/5.4.1/../../../../arm-none-eabi/lib/armv7e-m/fpu\libg.a(lib_a-locale.o)
                                 0x12 (size before relaxing)
 .rodata._ctype_
                0x0801068c      0x101 e:/rt-threadstudio/repo/extract/toolchain_support_packages/arm/gnu_tools_for_arm_embedded_processors/5.4.1/bin/../lib/gcc/arm-none-eabi/5.4.1/../../../../arm-none-eabi/lib/armv7e-m/fpu\libg.a(lib_a-ctype_.o)
                0x0801068c                _ctype_
 *(.glue_7)
 .glue_7        0x0801078d        0x0 linker stubs
 *(.glue_7t)
 .glue_7t       0x0801078d        0x0 linker stubs
 *(.gnu.linkonce.t*)
                0x08010790                . = ALIGN (0x4)
 *fill*         0x0801078d        0x3 00000000
                0x08010790                __fsymtab_start = .
 *(FSymTab)
 FSymTab        0x08010790        0xc ./rt-thread/src/mem.o
                0x08010790                __fsym_list_mem
 FSymTab        0x0801079c      0x108 ./rt-thread/components/finsh/cmd.o
                0x0801079c                __fsym_hello
                0x080107a8                __fsym_clear
                0x080107b4                __fsym___cmd_clear
                0x080107c0                __fsym_version
                0x080107cc                __fsym___cmd_version
                0x080107d8                __fsym_list_thread
                0x080107e4                __fsym___cmd_list_thread
                0x080107f0                __fsym_list_sem
                0x080107fc                __fsym___cmd_list_sem
                0x08010808                __fsym_list_event
                0x08010814                __fsym___cmd_list_event
                0x08010820                __fsym_list_mutex
                0x0801082c                __fsym___cmd_list_mutex
                0x08010838                __fsym_list_mailbox
                0x08010844                __fsym___cmd_list_mailbox
                0x08010850                __fsym_list_mempool
                0x0801085c                __fsym___cmd_list_mempool
                0x08010868                __fsym_list_timer
                0x08010874                __fsym___cmd_list_timer
                0x08010880                __fsym_list_device
                0x0801088c                __fsym___cmd_list_device
                0x08010898                __fsym_list
 FSymTab        0x080108a4       0x24 ./rt-thread/components/finsh/msh.o
                0x080108a4                __fsym___cmd_help
                0x080108b0                __fsym___cmd_ps
                0x080108bc                __fsym___cmd_free
 FSymTab        0x080108c8       0x30 ./rt-thread/components/drivers/misc/pin.o
                0x080108c8                __fsym_pinMode
                0x080108d4                __fsym_pinWrite
                0x080108e0                __fsym_pinRead
                0x080108ec                __fsym_pinGet
 FSymTab        0x080108f8        0xc ./rt-thread/components/drivers/can/can.o
                0x080108f8                __fsym___cmd_canstat
 FSymTab        0x08010904        0xc ./drivers/drv_common.o
                0x08010904                __fsym___cmd_reboot
                0x08010910                __fsymtab_end = .
                0x08010910                . = ALIGN (0x4)
                0x08010910                __vsymtab_start = .
 *(VSymTab)
                0x08010910                __vsymtab_end = .
                0x08010910                . = ALIGN (0x4)
                0x08010910                __rt_utest_tc_tab_start = .
 *(UtestTcTab)
                0x08010910                __rt_utest_tc_tab_end = .
                0x08010910                . = ALIGN (0x4)
                0x08010910                __rtatcmdtab_start = .
 *(RtAtCmdTab)
                0x08010910                __rtatcmdtab_end = .
                0x08010910                . = ALIGN (0x4)
                0x08010910                . = ALIGN (0x4)
                0x08010910                __rt_init_start = .
 *(SORT(.rti_fn*))
 .rti_fn.0      0x08010910        0x4 ./rt-thread/src/components.o
                0x08010910                __rt_init_rti_start
 .rti_fn.0.end  0x08010914        0x4 ./rt-thread/src/components.o
                0x08010914                __rt_init_rti_board_start
 .rti_fn.1      0x08010918        0x4 ./drivers/drv_can.o
                0x08010918                __rt_init_rt_hw_can_init
 .rti_fn.1      0x0801091c        0x4 ./drivers/drv_clk.o
                0x0801091c                __rt_init_clock_information
 .rti_fn.1.end  0x08010920        0x4 ./rt-thread/src/components.o
                0x08010920                __rt_init_rti_board_end
 .rti_fn.6      0x08010924        0x4 ./rt-thread/components/finsh/shell.o
                0x08010924                __rt_init_finsh_system_init
 .rti_fn.6.end  0x08010928        0x4 ./rt-thread/src/components.o
                0x08010928                __rt_init_rti_end
                0x0801092c                __rt_init_end = .
                0x0801092c                . = ALIGN (0x4)
                [!provide]                PROVIDE (__ctors_start__, .)
 *(SORT(.init_array.*))
 .init_array.00000
                0x0801092c        0x4 e:/rt-threadstudio/repo/extract/toolchain_support_packages/arm/gnu_tools_for_arm_embedded_processors/5.4.1/bin/../lib/gcc/arm-none-eabi/5.4.1/../../../../arm-none-eabi/lib/armv7e-m/fpu\libg.a(lib_a-__call_atexit.o)
 *(.init_array)
 .init_array    0x08010930        0x4 e:/rt-threadstudio/repo/extract/toolchain_support_packages/arm/gnu_tools_for_arm_embedded_processors/5.4.1/bin/../lib/gcc/arm-none-eabi/5.4.1/armv7e-m/fpu/crtbegin.o
                [!provide]                PROVIDE (__ctors_end__, .)
                0x08010934                . = ALIGN (0x4)
                0x08010934                _etext = .
                0x08010934                __exidx_start = .

.vfp11_veneer   0x08010934        0x0
 .vfp11_veneer  0x08010934        0x0 linker stubs

.v4_bx          0x08010934        0x0
 .v4_bx         0x08010934        0x0 linker stubs

.init           0x08010934        0x4
 .init          0x08010934        0x4 e:/rt-threadstudio/repo/extract/toolchain_support_packages/arm/gnu_tools_for_arm_embedded_processors/5.4.1/bin/../lib/gcc/arm-none-eabi/5.4.1/armv7e-m/fpu/crti.o
                0x08010934                _init

.fini           0x08010938        0x4